Archive member included to satisfy reference by file (symbol)

../../libdaisy//build\libdaisy.a(daisy_seed.o)
                              build/MultiFX_nese10.o (daisy::DaisySeed::GetPin(unsigned char))
../../libdaisy//build\libdaisy.a(codec_ak4556.o)
                              ../../libdaisy//build\libdaisy.a(daisy_seed.o) (daisy::Ak4556::Init(dsy_gpio_pin))
../../libdaisy//build\libdaisy.a(codec_wm8731.o)
                              ../../libdaisy//build\libdaisy.a(daisy_seed.o) (daisy::Wm8731::Init(daisy::Wm8731::Config const&, daisy::I2CHandle))
../../libdaisy//build\libdaisy.a(sdram.o)
                              ../../libdaisy//build\libdaisy.a(daisy_seed.o) (SdramHandle::Init())
../../libdaisy//build\libdaisy.a(audio.o)
                              ../../libdaisy//build\libdaisy.a(daisy_seed.o) (daisy::AudioHandle::Init(daisy::AudioHandle::Config const&, daisy::SaiHandle))
../../libdaisy//build\libdaisy.a(switch.o)
                              build/MultiFX_nese10.o (daisy::Switch::Init(dsy_gpio_pin, float))
../../libdaisy//build\libdaisy.a(adc.o)
                              build/MultiFX_nese10.o (daisy::AdcChannelConfig::InitSingle(dsy_gpio_pin))
../../libdaisy//build\libdaisy.a(gpio.o)
                              build/MultiFX_nese10.o (dsy_gpio_init)
../../libdaisy//build\libdaisy.a(i2c.o)
                              ../../libdaisy//build\libdaisy.a(daisy_seed.o) (daisy::I2CHandle::Init(daisy::I2CHandle::Config const&))
../../libdaisy//build\libdaisy.a(qspi.o)
                              ../../libdaisy//build\libdaisy.a(daisy_seed.o) (daisy::QSPIHandle::Init(daisy::QSPIHandle::Config const&))
../../libdaisy//build\libdaisy.a(sai.o)
                              ../../libdaisy//build\libdaisy.a(daisy_seed.o) (daisy::SaiHandle::Init(daisy::SaiHandle::Config const&))
../../libdaisy//build\libdaisy.a(system.o)
                              ../../libdaisy//build\libdaisy.a(daisy_seed.o) (daisy::System::DeInit())
../../libdaisy//build\libdaisy.a(system_stm32h7xx.o)
                              build/startup_stm32h750xx.o (SystemInit)
../../libdaisy//build\libdaisy.a(usbd_conf.o)
                              ../../libdaisy//build\libdaisy.a(system.o) (hpcd_USB_OTG_HS)
../../libdaisy//build\libdaisy.a(usbh_conf.o)
                              ../../libdaisy//build\libdaisy.a(system.o) (hhcd_USB_OTG_HS)
../../libdaisy//build\libdaisy.a(hal_map.o)
                              ../../libdaisy//build\libdaisy.a(gpio.o) (dsy_hal_map_get_port)
../../libdaisy//build\libdaisy.a(stm32h7xx_hal.o)
                              ../../libdaisy//build\libdaisy.a(system.o) (HAL_Init)
../../libdaisy//build\libdaisy.a(stm32h7xx_hal_adc.o)
                              ../../libdaisy//build\libdaisy.a(adc.o) (HAL_ADC_ConfigChannel)
../../libdaisy//build\libdaisy.a(stm32h7xx_hal_adc_ex.o)
                              ../../libdaisy//build\libdaisy.a(adc.o) (HAL_ADCEx_Calibration_Start)
../../libdaisy//build\libdaisy.a(stm32h7xx_hal_cortex.o)
                              ../../libdaisy//build\libdaisy.a(stm32h7xx_hal.o) (HAL_NVIC_SetPriorityGrouping)
../../libdaisy//build\libdaisy.a(stm32h7xx_hal_dma.o)
                              ../../libdaisy//build\libdaisy.a(adc.o) (HAL_DMA_Init)
../../libdaisy//build\libdaisy.a(stm32h7xx_hal_gpio.o)
                              ../../libdaisy//build\libdaisy.a(sdram.o) (HAL_GPIO_Init)
../../libdaisy//build\libdaisy.a(stm32h7xx_hal_hcd.o)
                              ../../libdaisy//build\libdaisy.a(usbh_conf.o) (HAL_HCD_HC_Init)
../../libdaisy//build\libdaisy.a(stm32h7xx_hal_i2c.o)
                              ../../libdaisy//build\libdaisy.a(i2c.o) (HAL_I2C_Init)
../../libdaisy//build\libdaisy.a(stm32h7xx_hal_i2c_ex.o)
                              ../../libdaisy//build\libdaisy.a(i2c.o) (HAL_I2CEx_ConfigAnalogFilter)
../../libdaisy//build\libdaisy.a(stm32h7xx_hal_pcd.o)
                              ../../libdaisy//build\libdaisy.a(usbd_conf.o) (HAL_PCD_Init)
../../libdaisy//build\libdaisy.a(stm32h7xx_hal_pcd_ex.o)
                              ../../libdaisy//build\libdaisy.a(usbd_conf.o) (HAL_PCDEx_SetTxFiFo)
../../libdaisy//build\libdaisy.a(stm32h7xx_hal_pwr_ex.o)
                              ../../libdaisy//build\libdaisy.a(system.o) (HAL_PWREx_ConfigSupply)
../../libdaisy//build\libdaisy.a(stm32h7xx_hal_qspi.o)
                              ../../libdaisy//build\libdaisy.a(qspi.o) (HAL_QSPI_Init)
../../libdaisy//build\libdaisy.a(stm32h7xx_hal_rcc.o)
                              ../../libdaisy//build\libdaisy.a(system.o) (HAL_RCC_OscConfig)
../../libdaisy//build\libdaisy.a(stm32h7xx_hal_rcc_ex.o)
                              ../../libdaisy//build\libdaisy.a(system.o) (HAL_RCCEx_PeriphCLKConfig)
../../libdaisy//build\libdaisy.a(stm32h7xx_hal_sai.o)
                              ../../libdaisy//build\libdaisy.a(sai.o) (HAL_SAI_InitProtocol)
../../libdaisy//build\libdaisy.a(stm32h7xx_hal_sdram.o)
[...]
Memory Configuration

Name             Origin             Length             Attributes
FLASH            0x08000000         0x00020000         xr
DTCMRAM          0x20000000         0x00020000         xrw
SRAM             0x24000000         0x00080000         xrw
RAM_D2           0x30000000         0x00048000         xrw
RAM_D3           0x38000000         0x00010000         xrw
ITCMRAM          0x00000000         0x00010000         xrw
SDRAM            0xc0000000         0x04000000         xrw
QSPIFLASH        0x90000000         0x00800000         xr
*default*        0x00000000         0xffffffff

Linker script and memory map

LOAD d:/programmi/gnu arm embedded toolchain/10 2020-q4-major/bin/../lib/gcc/arm-none-eabi/10.2.1/thumb/v7e-m+dp/hard/crti.o
LOAD d:/programmi/gnu arm embedded toolchain/10 2020-q4-major/bin/../lib/gcc/arm-none-eabi/10.2.1/thumb/v7e-m+dp/hard/crtbegin.o
LOAD d:/programmi/gnu arm embedded toolchain/10 2020-q4-major/bin/../lib/gcc/arm-none-eabi/10.2.1/../../../../arm-none-eabi/lib/thumb/v7e-m+dp/hard/crt0.o
LOAD build/startup_stm32h750xx.o
LOAD build/MultiFX_nese10.o
LOAD ../../libdaisy//build\libdaisy.a
LOAD d:/programmi/gnu arm embedded toolchain/10 2020-q4-major/bin/../lib/gcc/arm-none-eabi/10.2.1/../../../../arm-none-eabi/lib/thumb/v7e-m+dp/hard\libnosys.a
LOAD ../../DaisySP//build\libdaisysp.a
LOAD d:/programmi/gnu arm embedded toolchain/10 2020-q4-major/bin/../lib/gcc/arm-none-eabi/10.2.1/../../../../arm-none-eabi/lib/thumb/v7e-m+dp/hard\libstdc++_nano.a
LOAD d:/programmi/gnu arm embedded toolchain/10 2020-q4-major/bin/../lib/gcc/arm-none-eabi/10.2.1/../../../../arm-none-eabi/lib/thumb/v7e-m+dp/hard\libm.a
LOAD d:/programmi/gnu arm embedded toolchain/10 2020-q4-major/bin/../lib/gcc/arm-none-eabi/10.2.1/../../../../arm-none-eabi/lib/thumb/v7e-m+dp/hard\libc_nano.a
START GROUP
LOAD d:/programmi/gnu arm embedded toolchain/10 2020-q4-major/bin/../lib/gcc/arm-none-eabi/10.2.1/thumb/v7e-m+dp/hard\libgcc.a
LOAD d:/programmi/gnu arm embedded toolchain/10 2020-q4-major/bin/../lib/gcc/arm-none-eabi/10.2.1/../../../../arm-none-eabi/lib/thumb/v7e-m+dp/hard\libc_nano.a
END GROUP
START GROUP
LOAD d:/programmi/gnu arm embedded toolchain/10 2020-q4-major/bin/../lib/gcc/arm-none-eabi/10.2.1/thumb/v7e-m+dp/hard\libgcc.a
LOAD d:/programmi/gnu arm embedded toolchain/10 2020-q4-major/bin/../lib/gcc/arm-none-eabi/10.2.1/../../../../arm-none-eabi/lib/thumb/v7e-m+dp/hard\libc_nano.a
LOAD d:/programmi/gnu arm embedded toolchain/10 2020-q4-major/bin/../lib/gcc/arm-none-eabi/10.2.1/../../../../arm-none-eabi/lib/thumb/v7e-m+dp/hard\libnosys.a
END GROUP
START GROUP
LOAD d:/programmi/gnu arm embedded toolchain/10 2020-q4-major/bin/../lib/gcc/arm-none-eabi/10.2.1/thumb/v7e-m+dp/hard\libgcc.a
LOAD d:/programmi/gnu arm embedded toolchain/10 2020-q4-major/bin/../lib/gcc/arm-none-eabi/10.2.1/../../../../arm-none-eabi/lib/thumb/v7e-m+dp/hard\libc_nano.a
LOAD d:/programmi/gnu arm embedded toolchain/10 2020-q4-major/bin/../lib/gcc/arm-none-eabi/10.2.1/../../../../arm-none-eabi/lib/thumb/v7e-m+dp/hard\libnosys.a
END GROUP
LOAD d:/programmi/gnu arm embedded toolchain/10 2020-q4-major/bin/../lib/gcc/arm-none-eabi/10.2.1/thumb/v7e-m+dp/hard/crtend.o
LOAD d:/programmi/gnu arm embedded toolchain/10 2020-q4-major/bin/../lib/gcc/arm-none-eabi/10.2.1/thumb/v7e-m+dp/hard/crtn.o
                0x20020000                _estack = 0x20020000

.isr_vector     0x08000000      0x298
                0x08000000                . = ALIGN (0x4)
 *(.isr_vector)
 .isr_vector    0x08000000      0x298 build/startup_stm32h750xx.o
                0x08000000                g_pfnVectors
                0x08000298                . = ALIGN (0x4)

.text           0x08000298     0xf4f8
                0x08000298                . = ALIGN (0x4)
                0x08000298                _stext = .
 *(.text)
 .text          0x08000298       0x40 d:/programmi/gnu arm embedded toolchain/10 2020-q4-major/bin/../lib/gcc/arm-none-eabi/10.2.1/thumb/v7e-m+dp/hard/crtbegin.o
 .text          0x080002d8       0x14 d:/programmi/gnu arm embedded toolchain/10 2020-q4-major/bin/../lib/gcc/arm-none-eabi/10.2.1/../../../../arm-none-eabi/lib/thumb/v7e-m+dp/hard\libc_nano.a(lib_a-strcmp.o)
                0x080002d8                strcmp
 .text          0x080002ec      0x378 d:/programmi/gnu arm embedded toolchain/10 2020-q4-major/bin/../lib/gcc/arm-none-eabi/10.2.1/thumb/v7e-m+dp/hard\libgcc.a(_arm_addsubdf3.o)
                0x080002ec                __aeabi_drsub
                0x080002f4                __aeabi_dsub
                0x080002f4                __subdf3
                0x080002f8                __aeabi_dadd
                0x080002f8                __adddf3
                0x08000570                __floatunsidf
                0x08000570                __aeabi_ui2d
                0x08000590                __floatsidf
                0x08000590                __aeabi_i2d
                0x080005b4                __aeabi_f2d
                0x080005b4                __extendsfdf2
                0x080005f8                __floatundidf
                0x080005f8                __aeabi_ul2d
                0x08000608                __floatdidf
                0x08000608                __aeabi_l2d
 *(.text*)
 .text.Default_Handler
                0x08000664        0x4 build/startup_stm32h750xx.o
                0x08000664                RTC_Alarm_IRQHandler
                0x08000664                HASH_RNG_IRQHandler
                0x08000664                EXTI2_IRQHandler
                0x08000664                TIM8_CC_IRQHandler
                0x08000664                HRTIM1_Master_IRQHandler
                0x08000664                DebugMon_Handler
                0x08000664                UART8_IRQHandler
                0x08000664                SPI4_IRQHandler
                0x08000664                TIM1_CC_IRQHandler
                0x08000664                BDMA_Channel6_IRQHandler
                0x08000664                DMA2_Stream5_IRQHandler
                0x08000664                HRTIM1_FLT_IRQHandler
                0x08000664                JPEG_IRQHandler
                0x08000664                DMA1_Stream5_IRQHandler
                0x08000664                BDMA_Channel1_IRQHandler
                0x08000664                HRTIM1_TIMD_IRQHandler
                0x08000664                TAMP_STAMP_IRQHandler
                0x08000664                PendSV_Handler
                0x08000664                NMI_Handler
                0x08000664                EXTI3_IRQHandler
                0x08000664                LPTIM4_IRQHandler
                0x08000664                TIM8_TRG_COM_TIM14_IRQHandler
                0x08000664                LPTIM2_IRQHandler
                0x08000664                DFSDM1_FLT1_IRQHandler
                0x08000664                DMAMUX2_OVR_IRQHandler
                0x08000664                TIM8_UP_TIM13_IRQHandler
                0x08000664                I2C3_ER_IRQHandler
                0x08000664                DFSDM1_FLT2_IRQHandler
                0x08000664                MDMA_IRQHandler
                0x08000664                LPTIM3_IRQHandler
                0x08000664                HSEM1_IRQHandler
                0x08000664                EXTI0_IRQHandler
                0x08000664                FPU_IRQHandler
                0x08000664                OTG_HS_WKUP_IRQHandler
                0x08000664                FDCAN1_IT1_IRQHandler
                0x08000664                UsageFault_Handler
                0x08000664                LTDC_ER_IRQHandler
                0x08000664                DMA2_Stream2_IRQHandler
                0x08000664                HRTIM1_TIME_IRQHandler
                0x08000664                TIM6_DAC_IRQHandler
                0x08000664                DCMI_IRQHandler
                0x08000664                HRTIM1_TIMC_IRQHandler
                0x08000664                DMA2_Stream3_IRQHandler
                0x08000664                SAI2_IRQHandler
                0x08000664                DFSDM1_FLT3_IRQHandler
                0x08000664                USART6_IRQHandler
                0x08000664                TIM17_IRQHandler
                0x08000664                USART3_IRQHandler
                0x08000664                CRYP_IRQHandler
                0x08000664                BDMA_Channel7_IRQHandler
                0x08000664                LPTIM5_IRQHandler
                0x08000664                UART5_IRQHandler
                0x08000664                ADC3_IRQHandler
                0x08000664                DMA2_Stream0_IRQHandler
                0x08000664                TIM4_IRQHandler
                0x08000664                BDMA_Channel2_IRQHandler
                0x08000664                DMAMUX1_OVR_IRQHandler
                0x08000664                TIM16_IRQHandler
                0x08000664                UART4_IRQHandler
                0x08000664                BDMA_Channel5_IRQHandler
                0x08000664                TIM3_IRQHandler
                0x08000664                RCC_IRQHandler
                0x08000664                TIM8_BRK_TIM12_IRQHandler
                0x08000664                TIM1_TRG_COM_IRQHandler
                0x08000664                Default_Handler
                0x08000664                ECC_IRQHandler
                0x08000664                CEC_IRQHandler
                0x08000664                EXTI15_10_IRQHandler
                0x08000664                BDMA_Channel0_IRQHandler
                0x08000664                ADC_IRQHandler
                0x08000664                HRTIM1_TIMA_IRQHandler
                0x08000664                SPI5_IRQHandler
                0x08000664                TIM7_IRQHandler
                0x08000664                SDMMC1_IRQHandler
                0x08000664                TIM5_IRQHandler
                0x08000664                DMA2_Stream7_IRQHandler
                0x08000664                TIM15_IRQHandler
                0x08000664                PVD_AVD_IRQHandler
                0x08000664                EXTI9_5_IRQHandler
                0x08000664                RTC_WKUP_IRQHandler
                0x08000664                LTDC_IRQHandler
                0x08000664                SAI3_IRQHandler
                0x08000664                ETH_WKUP_IRQHandler
                0x08000664                SPDIF_RX_IRQHandler
                0x08000664                SPI2_IRQHandler
                0x08000664                MemManage_Handler
                0x08000664                SVC_Handler
                0x08000664                CRS_IRQHandler
                0x08000664                EXTI4_IRQHandler
                0x08000664                HRTIM1_TIMB_IRQHandler
                0x08000664                FDCAN2_IT1_IRQHandler
                0x08000664                ETH_IRQHandler
                0x08000664                TIM1_UP_IRQHandler
                0x08000664                BDMA_Channel4_IRQHandler
                0x08000664                WWDG_IRQHandler
                0x08000664                SPI6_IRQHandler
                0x08000664                I2C4_EV_IRQHandler
                0x08000664                MDIOS_IRQHandler
                0x08000664                FDCAN2_IT0_IRQHandler
                0x08000664                LPUART1_IRQHandler
                0x08000664                FDCAN1_IT0_IRQHandler
                0x08000664                TIM2_IRQHandler
                0x08000664                OTG_FS_WKUP_IRQHandler
                0x08000664                DMA2D_IRQHandler
                0x08000664                TIM1_BRK_IRQHandler
                0x08000664                EXTI1_IRQHandler
                0x08000664                SDMMC2_IRQHandler
                0x08000664                OTG_FS_EP1_OUT_IRQHandler
                0x08000664                BDMA_Channel3_IRQHandler
                0x08000664                UART7_IRQHandler
                0x08000664                MDIOS_WKUP_IRQHandler
                0x08000664                USART2_IRQHandler
                0x08000664                DFSDM1_FLT0_IRQHandler
                0x08000664                SAI4_IRQHandler
                0x08000664                I2C2_ER_IRQHandler
                0x08000664                DMA2_Stream1_IRQHandler
                0x08000664                FLASH_IRQHandler
                0x08000664                DMA2_Stream4_IRQHandler
                0x08000664                BusFault_Handler
                0x08000664                USART1_IRQHandler
                0x08000664                OTG_FS_IRQHandler
                0x08000664                SPI3_IRQHandler
                0x08000664                WAKEUP_PIN_IRQHandler
                0x08000664                OTG_FS_EP1_IN_IRQHandler
                0x08000664                I2C1_ER_IRQHandler
                0x08000664                FMC_IRQHandler
                0x08000664                FDCAN_CAL_IRQHandler
                0x08000664                SWPMI1_IRQHandler
                0x08000664                COMP1_IRQHandler
                0x08000664                LPTIM1_IRQHandler
                0x08000664                I2C4_ER_IRQHandler
                0x08000664                DMA2_Stream6_IRQHandler
                0x08000664                SAI1_IRQHandler
 .text.Reset_Handler
                0x08000668       0x44 build/startup_stm32h750xx.o
                0x08000668                Reset_Handler
 .text._ZN5daisy9ParameterD2Ev
                0x080006ac        0x4 build/MultiFX_nese10.o
                0x080006ac                daisy::Parameter::~Parameter()
                0x080006ac                daisy::Parameter::~Parameter()
 .text._ZN5daisy9DaisySeedD2Ev
                0x080006b0        0x4 build/MultiFX_nese10.o
                0x080006b0                daisy::DaisySeed::~DaisySeed()
                0x080006b0                daisy::DaisySeed::~DaisySeed()
 .text._ZN7daisysp6PhaserD2Ev
                0x080006b4        0x4 build/MultiFX_nese10.o
                0x080006b4                daisysp::Phaser::~Phaser()
                0x080006b4                daisysp::Phaser::~Phaser()
 .text._ZN7daisysp7TremoloD2Ev
                0x080006b8        0x4 build/MultiFX_nese10.o
                0x080006b8                daisysp::Tremolo::~Tremolo()
                0x080006b8                daisysp::Tremolo::~Tremolo()
 .text._ZN5daisy11OledDisplayINS_13SSD130xDriverILj128ELj64ENS_19SSD130xI2CTransportEEEED2Ev
                0x080006bc        0x4 build/MultiFX_nese10.o
                0x080006bc                daisy::OledDisplay<daisy::SSD130xDriver<128u, 64u, daisy::SSD130xI2CTransport> >::~OledDisplay()
                0x080006bc                daisy::OledDisplay<daisy::SSD130xDriver<128u, 64u, daisy::SSD130xI2CTransport> >::~OledDisplay()
 .text._ZNK5daisy11OledDisplayINS_13SSD130xDriverILj128ELj64ENS_19SSD130xI2CTransportEEEE6HeightEv
                0x080006c0        0x4 build/MultiFX_nese10.o
                0x080006c0                daisy::OledDisplay<daisy::SSD130xDriver<128u, 64u, daisy::SSD130xI2CTransport> >::Height() const
 .text._ZNK5daisy11OledDisplayINS_13SSD130xDriverILj128ELj64ENS_19SSD130xI2CTransportEEEE5WidthEv
                0x080006c4        0x4 build/MultiFX_nese10.o
                0x080006c4                daisy::OledDisplay<daisy::SSD130xDriver<128u, 64u, daisy::SSD130xI2CTransport> >::Width() const
 .text._ZN5daisy11OledDisplayINS_13SSD130xDriverILj128ELj64ENS_19SSD130xI2CTransportEEEE4FillEb
                0x080006c8       0x10 build/MultiFX_nese10.o
                0x080006c8                daisy::OledDisplay<daisy::SSD130xDriver<128u, 64u, daisy::SSD130xI2CTransport> >::Fill(bool)
 .text._ZN7daisysp9DelayLineIfLj120000EED2Ev
                0x080006d8        0x4 build/MultiFX_nese10.o
                0x080006d8                daisysp::DelayLine<float, 120000u>::~DelayLine()
                0x080006d8                daisysp::DelayLine<float, 120000u>::~DelayLine()
 .text._ZN5daisy11OledDisplayINS_13SSD130xDriverILj128ELj64ENS_19SSD130xI2CTransportEEEED0Ev
                0x080006dc       0x10 build/MultiFX_nese10.o
                0x080006dc                daisy::OledDisplay<daisy::SSD130xDriver<128u, 64u, daisy::SSD130xI2CTransport> >::~OledDisplay()
 .text._ZN5daisy11OledDisplayINS_13SSD130xDriverILj128ELj64ENS_19SSD130xI2CTransportEEEE6UpdateEv
                0x080006ec       0xac build/MultiFX_nese10.o
                0x080006ec                daisy::OledDisplay<daisy::SSD130xDriver<128u, 64u, daisy::SSD130xI2CTransport> >::Update()
 .text._ZN5daisy25OneBitGraphicsDisplayImplINS_11OledDisplayINS_13SSD130xDriverILj128ELj64ENS_19SSD130xI2CTransportEEEEEE11WriteStringEPKc7FontDefb
                0x08000798      0x1c0 build/MultiFX_nese10.o
                0x08000798                daisy::OneBitGraphicsDisplayImpl<daisy::OledDisplay<daisy::SSD130xDriver<128u, 64u, daisy::SSD130xI2CTransport> > >::WriteString(char const*, FontDef, bool)
 .text._ZN5daisy25OneBitGraphicsDisplayImplINS_11OledDisplayINS_13SSD130xDriverILj128ELj64ENS_19SSD130xI2CTransportEEEEEE9WriteCharEc7FontDefb
                0x08000958      0x1a0 build/MultiFX_nese10.o
                0x08000958                daisy::OneBitGraphicsDisplayImpl<daisy::OledDisplay<daisy::SSD130xDriver<128u, 64u, daisy::SSD130xI2CTransport> > >::WriteChar(char, FontDef, bool)
 .text._ZN5daisy25OneBitGraphicsDisplayImplINS_11OledDisplayINS_13SSD130xDriverILj128ELj64ENS_19SSD130xI2CTransportEEEEEE18WriteStringAlignedEPKcRK7FontDefNS_9RectangleENS_9AlignmentEb
                0x08000af8      0x3f0 build/MultiFX_nese10.o
                0x08000af8                daisy::OneBitGraphicsDisplayImpl<daisy::OledDisplay<daisy::SSD130xDriver<128u, 64u, daisy::SSD130xI2CTransport> > >::WriteStringAligned(char const*, FontDef const&, daisy::Rectangle, daisy::Alignment, bool)
 .text._ZN5daisy11OledDisplayINS_13SSD130xDriverILj128ELj64ENS_19SSD130xI2CTransportEEEE9DrawPixelEjjb
                0x08000ee8       0x44 build/MultiFX_nese10.o
                0x08000ee8                daisy::OledDisplay<daisy::SSD130xDriver<128u, 64u, daisy::SSD130xI2CTransport> >::DrawPixel(unsigned int, unsigned int, bool)
 .text._ZN5daisy25OneBitGraphicsDisplayImplINS_11OledDisplayINS_13SSD130xDriverILj128ELj64ENS_19SSD130xI2CTransportEEEEEE8DrawLineEjjjjb
                0x08000f2c       0xfc build/MultiFX_nese10.o
                0x08000f2c                daisy::OneBitGraphicsDisplayImpl<daisy::OledDisplay<daisy::SSD130xDriver<128u, 64u, daisy::SSD130xI2CTransport> > >::DrawLine(unsigned int, unsigned int, unsigned int, unsigned int, bool)
 .text._ZN5daisy25OneBitGraphicsDisplayImplINS_11OledDisplayINS_13SSD130xDriverILj128ELj64ENS_19SSD130xI2CTransportEEEEEE7DrawArcEjjjiib
                0x08001028      0x478 build/MultiFX_nese10.o
                0x08001028                daisy::OneBitGraphicsDisplayImpl<daisy::OledDisplay<daisy::SSD130xDriver<128u, 64u, daisy::SSD130xI2CTransport> > >::DrawArc(unsigned int, unsigned int, unsigned int, int, int, bool)
 .text._ZN5daisy25OneBitGraphicsDisplayImplINS_11OledDisplayINS_13SSD130xDriverILj128ELj64ENS_19SSD130xI2CTransportEEEEEE8DrawRectEjjjjbb
                0x080014a0      0x418 build/MultiFX_nese10.o
                0x080014a0                daisy::OneBitGraphicsDisplayImpl<daisy::OledDisplay<daisy::SSD130xDriver<128u, 64u, daisy::SSD130xI2CTransport> > >::DrawRect(unsigned int, unsigned int, unsigned int, unsigned int, bool, bool)
 .text._Z10GetSamplesRf8FX_types
                0x080018b8       0x8c build/MultiFX_nese10.o
                0x080018b8                GetSamples(float&, FX_types)
 .text._Z13AudioCallbackPKPKfPPfj
                0x08001944       0x98 build/MultiFX_nese10.o
                0x08001944                AudioCallback(float const* const*, float**, unsigned int)
 .text.startup.main
                0x080019dc      0x11c build/MultiFX_nese10.o
                0x080019dc                main
 .text.startup._GLOBAL__sub_I_currentDelay
                0x08001af8       0x88 build/MultiFX_nese10.o
 .text._ZN5daisy9DaisySeed6GetPinEh
                0x08001b80       0x2c ../../libdaisy//build\libdaisy.a(daisy_seed.o)
                0x08001b80                daisy::DaisySeed::GetPin(unsigned char)
 .text._ZN5daisy9DaisySeed10StartAudioEPFvPKPKfPPfjE
                0x08001bac        0x8 ../../libdaisy//build\libdaisy.a(daisy_seed.o)
                0x08001bac                daisy::DaisySeed::StartAudio(void (*)(float const* const*, float**, unsigned int))
 .text._ZN5daisy9DaisySeed18SetAudioSampleRateENS_9SaiHandle6Config10SampleRateE
                0x08001bb4       0x38 ../../libdaisy//build\libdaisy.a(daisy_seed.o)
                0x08001bb4                daisy::DaisySeed::SetAudioSampleRate(daisy::SaiHandle::Config::SampleRate)
 .text._ZN5daisy9DaisySeed15AudioSampleRateEv
                0x08001bec        0x8 ../../libdaisy//build\libdaisy.a(daisy_seed.o)
                0x08001bec                daisy::DaisySeed::AudioSampleRate()
 .text._ZN5daisy9DaisySeed17SetAudioBlockSizeEj
                0x08001bf4       0x38 ../../libdaisy//build\libdaisy.a(daisy_seed.o)
                0x08001bf4                daisy::DaisySeed::SetAudioBlockSize(unsigned int)
 .text._ZN5daisy9DaisySeed14ConfigureAudioEv
                0x08001c2c       0xd0 ../../libdaisy//build\libdaisy.a(daisy_seed.o)
                0x08001c2c                daisy::DaisySeed::ConfigureAudio()
 .text._ZN5daisy9DaisySeed4InitEb
                0x08001cfc       0xf0 ../../libdaisy//build\libdaisy.a(daisy_seed.o)
                0x08001cfc                daisy::DaisySeed::Init(bool)
 .text._ZN5daisy6Ak45564InitE12dsy_gpio_pin
                0x08001dec       0x44 ../../libdaisy//build\libdaisy.a(codec_ak4556.o)
                0x08001dec                daisy::Ak4556::Init(dsy_gpio_pin)
 .text._ZN5daisy6Wm873120WriteControlRegisterEht
                0x08001e30       0x3c ../../libdaisy//build\libdaisy.a(codec_wm8731.o)
                0x08001e30                daisy::Wm8731::WriteControlRegister(unsigned char, unsigned short)
 .text._ZN5daisy6Wm87314InitERKNS0_6ConfigENS_9I2CHandleE
                0x08001e6c      0x1bc ../../libdaisy//build\libdaisy.a(codec_wm8731.o)
                0x08001e6c                daisy::Wm8731::Init(daisy::Wm8731::Config const&, daisy::I2CHandle)
 .text._ZN11SdramHandle10DeviceInitEv
                0x08002028       0x98 ../../libdaisy//build\libdaisy.a(sdram.o)
                0x08002028                SdramHandle::DeviceInit()
 .text._ZN11SdramHandle4InitEv
                0x080020c0       0x7c ../../libdaisy//build\libdaisy.a(sdram.o)
                0x080020c0                SdramHandle::Init()
 .text.HAL_SDRAM_MspInit
                0x0800213c      0x1a8 ../../libdaisy//build\libdaisy.a(sdram.o)
                0x0800213c                HAL_SDRAM_MspInit
 .text._ZN5daisy11AudioHandle4Impl16InternalCallbackEPlS2_j
                0x080022e4      0xbbc ../../libdaisy//build\libdaisy.a(audio.o)
                0x080022e4                daisy::AudioHandle::Impl::InternalCallback(long*, long*, unsigned int)
 .text._ZN5daisy11AudioHandle4InitERKNS0_6ConfigENS_9SaiHandleE
                0x08002ea0       0x64 ../../libdaisy//build\libdaisy.a(audio.o)
                0x08002ea0                daisy::AudioHandle::Init(daisy::AudioHandle::Config const&, daisy::SaiHandle)
 .text._ZNK5daisy11AudioHandle9GetConfigEv
                0x08002f04        0x8 ../../libdaisy//build\libdaisy.a(audio.o)
                0x08002f04                daisy::AudioHandle::GetConfig() const
 .text._ZN5daisy11AudioHandle12SetBlockSizeEj
                0x08002f0c       0x1c ../../libdaisy//build\libdaisy.a(audio.o)
                0x08002f0c                daisy::AudioHandle::SetBlockSize(unsigned int)
 .text._ZN5daisy11AudioHandle13GetSampleRateEv
                0x08002f28        0x8 ../../libdaisy//build\libdaisy.a(audio.o)
                0x08002f28                daisy::AudioHandle::GetSampleRate()
 .text._ZN5daisy11AudioHandle13SetSampleRateENS_9SaiHandle6Config10SampleRateE
                0x08002f30       0x88 ../../libdaisy//build\libdaisy.a(audio.o)
                0x08002f30                daisy::AudioHandle::SetSampleRate(daisy::SaiHandle::Config::SampleRate)
 .text._ZN5daisy11AudioHandle5StartEPFvPKPKfPPfjE
                0x08002fb8       0x44 ../../libdaisy//build\libdaisy.a(audio.o)
                0x08002fb8                daisy::AudioHandle::Start(void (*)(float const* const*, float**, unsigned int))
 .text.startup._GLOBAL__sub_I__ZN5daisy11AudioHandle4Impl4InitENS0_6ConfigENS_9SaiHandleE
                0x08002ffc       0x10 ../../libdaisy//build\libdaisy.a(audio.o)
 .text._ZN5daisy6Switch4InitE12dsy_gpio_pinf
                0x0800300c       0x28 ../../libdaisy//build\libdaisy.a(switch.o)
                0x0800300c                daisy::Switch::Init(dsy_gpio_pin, float)
 .text._ZN5daisy16AdcChannelConfig10InitSingleE12dsy_gpio_pin
                0x08003034       0x1c ../../libdaisy//build\libdaisy.a(adc.o)
                0x08003034                daisy::AdcChannelConfig::InitSingle(dsy_gpio_pin)
 .text._ZN5daisy9AdcHandle4InitEPNS_16AdcChannelConfigEjNS0_12OverSamplingE
                0x08003050      0x3c8 ../../libdaisy//build\libdaisy.a(adc.o)
                0x08003050                daisy::AdcHandle::Init(daisy::AdcChannelConfig*, unsigned int, daisy::AdcHandle::OverSampling)
 .text.HAL_ADC_MspInit
                0x08003418       0x98 ../../libdaisy//build\libdaisy.a(adc.o)
                0x08003418                HAL_ADC_MspInit
 .text.DMA1_Stream2_IRQHandler
                0x080034b0        0xc ../../libdaisy//build\libdaisy.a(adc.o)
                0x080034b0                DMA1_Stream2_IRQHandler
 .text.dsy_gpio_init
                0x080034bc      0x1b8 ../../libdaisy//build\libdaisy.a(gpio.o)
                0x080034bc                dsy_gpio_init
 .text.dsy_gpio_read
                0x08003674       0x1c ../../libdaisy//build\libdaisy.a(gpio.o)
                0x08003674                dsy_gpio_read
 .text.dsy_gpio_write
                0x08003690       0x24 ../../libdaisy//build\libdaisy.a(gpio.o)
                0x08003690                dsy_gpio_write
 .text._ZN5daisy9I2CHandle4Impl8InitPinsEv
                0x080036b4       0x58 ../../libdaisy//build\libdaisy.a(i2c.o)
                0x080036b4                daisy::I2CHandle::Impl::InitPins()
 .text.HAL_I2C_MspInit
                0x0800370c      0x1b4 ../../libdaisy//build\libdaisy.a(i2c.o)
                0x0800370c                HAL_I2C_MspInit
 .text.dsy_i2c_global_init
                0x080038c0       0x78 ../../libdaisy//build\libdaisy.a(i2c.o)
                0x080038c0                dsy_i2c_global_init
 .text.DMA1_Stream6_IRQHandler
                0x08003938       0x34 ../../libdaisy//build\libdaisy.a(i2c.o)
                0x08003938                DMA1_Stream6_IRQHandler
 .text.I2C1_EV_IRQHandler
                0x0800396c        0xc ../../libdaisy//build\libdaisy.a(i2c.o)
                0x0800396c                I2C1_EV_IRQHandler
 .text.I2C2_EV_IRQHandler
                0x08003978        0xc ../../libdaisy//build\libdaisy.a(i2c.o)
                0x08003978                I2C2_EV_IRQHandler
 .text.I2C3_EV_IRQHandler
                0x08003984        0xc ../../libdaisy//build\libdaisy.a(i2c.o)
                0x08003984                I2C3_EV_IRQHandler
 .text._ZN5daisy9I2CHandle4InitERKNS0_6ConfigE
                0x08003990      0x12c ../../libdaisy//build\libdaisy.a(i2c.o)
                0x08003990                daisy::I2CHandle::Init(daisy::I2CHandle::Config const&)
 .text._ZN5daisy9I2CHandle16TransmitBlockingEtPhtm
                0x08003abc       0x50 ../../libdaisy//build\libdaisy.a(i2c.o)
                0x08003abc                daisy::I2CHandle::TransmitBlocking(unsigned short, unsigned char*, unsigned short, unsigned long)
 .text.startup._GLOBAL__sub_I__ZN5daisy9I2CHandle4Impl10GlobalInitEv
                0x08003b0c       0x18 ../../libdaisy//build\libdaisy.a(i2c.o)
 .text._ZN5daisy10QSPIHandle4Impl11WriteEnableEv
                0x08003b24       0x8c ../../libdaisy//build\libdaisy.a(qspi.o)
                0x08003b24                daisy::QSPIHandle::Impl::WriteEnable()
 .text._ZN5daisy10QSPIHandle4Impl17DummyCyclesConfigENS0_6Config6DeviceE
                0x08003bb0      0x118 ../../libdaisy//build\libdaisy.a(qspi.o)
                0x08003bb0                daisy::QSPIHandle::Impl::DummyCyclesConfig(daisy::QSPIHandle::Config::Device)
 .text._ZN5daisy10QSPIHandle4Impl10QuadEnableEv
                0x08003cc8      0x158 ../../libdaisy//build\libdaisy.a(qspi.o)
                0x08003cc8                daisy::QSPIHandle::Impl::QuadEnable()
 .text._ZN5daisy10QSPIHandle4InitERKNS0_6ConfigE
                0x08003e20      0x198 ../../libdaisy//build\libdaisy.a(qspi.o)
                0x08003e20                daisy::QSPIHandle::Init(daisy::QSPIHandle::Config const&)
 .text.HAL_QSPI_MspInit
                0x08003fb8      0x11c ../../libdaisy//build\libdaisy.a(qspi.o)
                0x08003fb8                HAL_QSPI_MspInit
 .text.HAL_QSPI_MspDeInit
                0x080040d4       0x54 ../../libdaisy//build\libdaisy.a(qspi.o)
                0x080040d4                HAL_QSPI_MspDeInit
 .text.QUADSPI_IRQHandler
                0x08004128        0xc ../../libdaisy//build\libdaisy.a(qspi.o)
                0x08004128                QUADSPI_IRQHandler
 .text.startup._GLOBAL__sub_I__ZN5daisy10QSPIHandle4Impl4InitERKNS0_6ConfigE
                0x08004134       0x28 ../../libdaisy//build\libdaisy.a(qspi.o)
 .text._ZN5daisy9SaiHandle4Impl7InitDmaENS1_15PeripheralBlockE
                0x0800415c       0xa0 ../../libdaisy//build\libdaisy.a(sai.o)
                0x0800415c                daisy::SaiHandle::Impl::InitDma(daisy::SaiHandle::Impl::PeripheralBlock)
 .text._ZN5daisy9SaiHandle4Impl8InitPinsEv
                0x080041fc       0xa8 ../../libdaisy//build\libdaisy.a(sai.o)
                0x080041fc                daisy::SaiHandle::Impl::InitPins()
 .text.HAL_SAI_MspInit
                0x080042a4      0x164 ../../libdaisy//build\libdaisy.a(sai.o)
                0x080042a4                HAL_SAI_MspInit
 .text.DMA1_Stream0_IRQHandler
                0x08004408        0xc ../../libdaisy//build\libdaisy.a(sai.o)
                0x08004408                DMA1_Stream0_IRQHandler
 .text.DMA1_Stream1_IRQHandler
                0x08004414        0xc ../../libdaisy//build\libdaisy.a(sai.o)
                0x08004414                DMA1_Stream1_IRQHandler
 .text.DMA1_Stream3_IRQHandler
                0x08004420        0xc ../../libdaisy//build\libdaisy.a(sai.o)
                0x08004420                DMA1_Stream3_IRQHandler
 .text.DMA1_Stream4_IRQHandler
                0x0800442c        0xc ../../libdaisy//build\libdaisy.a(sai.o)
                0x0800442c                DMA1_Stream4_IRQHandler
 .text.HAL_SAI_RxHalfCpltCallback
                0x08004438       0x78 ../../libdaisy//build\libdaisy.a(sai.o)
                0x08004438                HAL_SAI_RxHalfCpltCallback
 .text.HAL_SAI_RxCpltCallback
                0x080044b0       0x70 ../../libdaisy//build\libdaisy.a(sai.o)
                0x080044b0                HAL_SAI_RxCpltCallback
 .text._ZN5daisy9SaiHandle4InitERKNS0_6ConfigE
                0x08004520      0x1f0 ../../libdaisy//build\libdaisy.a(sai.o)
                0x08004520                daisy::SaiHandle::Init(daisy::SaiHandle::Config const&)
 .text._ZNK5daisy9SaiHandle9GetConfigEv
                0x08004710        0x4 ../../libdaisy//build\libdaisy.a(sai.o)
                0x08004710                daisy::SaiHandle::GetConfig() const
 .text._ZN5daisy9SaiHandle8StartDmaEPlS1_jPFvS1_S1_jE
                0x08004714       0xbc ../../libdaisy//build\libdaisy.a(sai.o)
                0x08004714                daisy::SaiHandle::StartDma(long*, long*, unsigned int, void (*)(long*, long*, unsigned int))
 .text._ZN5daisy9SaiHandle13GetSampleRateEv
                0x080047d0       0x24 ../../libdaisy//build\libdaisy.a(sai.o)
                0x080047d0                daisy::SaiHandle::GetSampleRate()
 .text._ZNK5daisy9SaiHandle9GetOffsetEv
                0x080047f4        0x8 ../../libdaisy//build\libdaisy.a(sai.o)
                0x080047f4                daisy::SaiHandle::GetOffset() const
 .text._ZN5daisy11TimerHandleD2Ev
                0x080047fc        0x4 ../../libdaisy//build\libdaisy.a(system.o)
                0x080047fc                daisy::TimerHandle::~TimerHandle()
                0x080047fc                daisy::TimerHandle::~TimerHandle()
 .text.SysTick_Handler
                0x08004800       0x10 ../../libdaisy//build\libdaisy.a(system.o)
                0x08004800                SysTick_Handler
 .text.OTG_HS_EP1_OUT_IRQHandler
                0x08004810       0x24 ../../libdaisy//build\libdaisy.a(system.o)
                0x08004810                OTG_HS_EP1_OUT_IRQHandler
 .text.OTG_HS_EP1_IN_IRQHandler
                0x08004834       0x24 ../../libdaisy//build\libdaisy.a(system.o)
                0x08004834                OTG_HS_EP1_IN_IRQHandler
 .text.OTG_HS_IRQHandler
                0x08004858       0x24 ../../libdaisy//build\libdaisy.a(system.o)
                0x08004858                OTG_HS_IRQHandler
 .text.HardFault_Handler
                0x0800487c        0x4 ../../libdaisy//build\libdaisy.a(system.o)
                0x0800487c                HardFault_Handler
 .text._ZN5daisy6System5DelayEm
                0x08004880        0x4 ../../libdaisy//build\libdaisy.a(system.o)
                0x08004880                daisy::System::Delay(unsigned long)
 .text._ZN5daisy6System15ConfigureClocksEv
                0x08004884      0x194 ../../libdaisy//build\libdaisy.a(system.o)
                0x08004884                daisy::System::ConfigureClocks()
 .text._ZN5daisy6System4InitERKNS0_6ConfigE
                0x08004a18      0x12c ../../libdaisy//build\libdaisy.a(system.o)
                0x08004a18                daisy::System::Init(daisy::System::Config const&)
 .text._ZN5daisy6System12GetPClk1FreqEv
                0x08004b44        0x4 ../../libdaisy//build\libdaisy.a(system.o)
                0x08004b44                daisy::System::GetPClk1Freq()
 .text._ZN5daisy6System22GetProgramMemoryRegionEv
                0x08004b48       0x78 ../../libdaisy//build\libdaisy.a(system.o)
                0x08004b48                daisy::System::GetProgramMemoryRegion()
 .text.startup._GLOBAL__sub_I_SysTick_Handler
                0x08004bc0       0x1c ../../libdaisy//build\libdaisy.a(system.o)
 .text.SystemInit
                0x08004bdc       0x9c ../../libdaisy//build\libdaisy.a(system_stm32h7xx.o)
                0x08004bdc                SystemInit
 .text.HAL_PCD_SetupStageCallback
                0x08004c78        0xc ../../libdaisy//build\libdaisy.a(usbd_conf.o)
                0x08004c78                HAL_PCD_SetupStageCallback
 .text.HAL_PCD_DataOutStageCallback
                0x08004c84       0x14 ../../libdaisy//build\libdaisy.a(usbd_conf.o)
                0x08004c84                HAL_PCD_DataOutStageCallback
 .text.HAL_PCD_DataInStageCallback
                0x08004c98       0x14 ../../libdaisy//build\libdaisy.a(usbd_conf.o)
                0x08004c98                HAL_PCD_DataInStageCallback
 .text.HAL_PCD_SOFCallback
                0x08004cac        0x8 ../../libdaisy//build\libdaisy.a(usbd_conf.o)
                0x08004cac                HAL_PCD_SOFCallback
 .text.HAL_PCD_ResetCallback
                0x08004cb4       0x24 ../../libdaisy//build\libdaisy.a(usbd_conf.o)
                0x08004cb4                HAL_PCD_ResetCallback
 .text.HAL_PCD_SuspendCallback
                0x08004cd8       0x30 ../../libdaisy//build\libdaisy.a(usbd_conf.o)
                0x08004cd8                HAL_PCD_SuspendCallback
 .text.HAL_PCD_ResumeCallback
                0x08004d08        0x8 ../../libdaisy//build\libdaisy.a(usbd_conf.o)
                0x08004d08                HAL_PCD_ResumeCallback
 .text.HAL_PCD_ISOOUTIncompleteCallback
                0x08004d10        0x8 ../../libdaisy//build\libdaisy.a(usbd_conf.o)
                0x08004d10                HAL_PCD_ISOOUTIncompleteCallback
 .text.HAL_PCD_ISOINIncompleteCallback
                0x08004d18        0x8 ../../libdaisy//build\libdaisy.a(usbd_conf.o)
                0x08004d18                HAL_PCD_ISOINIncompleteCallback
 .text.HAL_PCD_ConnectCallback
                0x08004d20        0x8 ../../libdaisy//build\libdaisy.a(usbd_conf.o)
                0x08004d20                HAL_PCD_ConnectCallback
 .text.HAL_PCD_DisconnectCallback
                0x08004d28        0x8 ../../libdaisy//build\libdaisy.a(usbd_conf.o)
                0x08004d28                HAL_PCD_DisconnectCallback
 .text.USBD_LL_OpenEP
                0x08004d30       0x24 ../../libdaisy//build\libdaisy.a(usbd_conf.o)
                0x08004d30                USBD_LL_OpenEP
 .text.USBD_LL_StallEP
                0x08004d54       0x1c ../../libdaisy//build\libdaisy.a(usbd_conf.o)
                0x08004d54                USBD_LL_StallEP
 .text.USBD_LL_ClearStallEP
                0x08004d70       0x1c ../../libdaisy//build\libdaisy.a(usbd_conf.o)
                0x08004d70                USBD_LL_ClearStallEP
 .text.USBD_LL_IsStallEP
                0x08004d8c       0x28 ../../libdaisy//build\libdaisy.a(usbd_conf.o)
                0x08004d8c                USBD_LL_IsStallEP
 .text.USBD_LL_SetUSBAddress
                0x08004db4       0x1c ../../libdaisy//build\libdaisy.a(usbd_conf.o)
                0x08004db4                USBD_LL_SetUSBAddress
 .text.USBD_LL_Transmit
                0x08004dd0       0x1c ../../libdaisy//build\libdaisy.a(usbd_conf.o)
                0x08004dd0                USBD_LL_Transmit
 .text.USBD_LL_PrepareReceive
                0x08004dec       0x1c ../../libdaisy//build\libdaisy.a(usbd_conf.o)
                0x08004dec                USBD_LL_PrepareReceive
 .text.HAL_HCD_SOF_Callback
                0x08004e08        0x8 ../../libdaisy//build\libdaisy.a(usbh_conf.o)
                0x08004e08                HAL_HCD_SOF_Callback
 .text.HAL_HCD_Connect_Callback
                0x08004e10        0x8 ../../libdaisy//build\libdaisy.a(usbh_conf.o)
                0x08004e10                HAL_HCD_Connect_Callback
 .text.HAL_HCD_Disconnect_Callback
                0x08004e18        0x8 ../../libdaisy//build\libdaisy.a(usbh_conf.o)
                0x08004e18                HAL_HCD_Disconnect_Callback
 .text.HAL_HCD_HC_NotifyURBChange_Callback
                0x08004e20        0x4 ../../libdaisy//build\libdaisy.a(usbh_conf.o)
                0x08004e20                HAL_HCD_HC_NotifyURBChange_Callback
 .text.HAL_HCD_PortEnabled_Callback
                0x08004e24        0x8 ../../libdaisy//build\libdaisy.a(usbh_conf.o)
                0x08004e24                HAL_HCD_PortEnabled_Callback
 .text.HAL_HCD_PortDisabled_Callback
                0x08004e2c        0x8 ../../libdaisy//build\libdaisy.a(usbh_conf.o)
                0x08004e2c                HAL_HCD_PortDisabled_Callback
 .text.USBH_LL_Stop
                0x08004e34       0x1c ../../libdaisy//build\libdaisy.a(usbh_conf.o)
                0x08004e34                USBH_LL_Stop
 .text.dsy_hal_map_get_port
                0x08004e50       0x10 ../../libdaisy//build\libdaisy.a(hal_map.o)
                0x08004e50                dsy_hal_map_get_port
 .text.dsy_hal_map_get_pin
                0x08004e60       0x10 ../../libdaisy//build\libdaisy.a(hal_map.o)
                0x08004e60                dsy_hal_map_get_pin
 .text.dsy_hal_map_gpio_clk_enable
                0x08004e70      0x150 ../../libdaisy//build\libdaisy.a(hal_map.o)
                0x08004e70                dsy_hal_map_gpio_clk_enable
 .text.HAL_MspInit
                0x08004fc0        0x4 ../../libdaisy//build\libdaisy.a(stm32h7xx_hal.o)
                0x08004fc0                HAL_MspInit
 .text.HAL_InitTick
                0x08004fc4       0x4c ../../libdaisy//build\libdaisy.a(stm32h7xx_hal.o)
                0x08004fc4                HAL_InitTick
 .text.HAL_Init
                0x08005010       0x60 ../../libdaisy//build\libdaisy.a(stm32h7xx_hal.o)
                0x08005010                HAL_Init
 .text.HAL_IncTick
                0x08005070       0x18 ../../libdaisy//build\libdaisy.a(stm32h7xx_hal.o)
                0x08005070                HAL_IncTick
 .text.HAL_GetTick
                0x08005088        0xc ../../libdaisy//build\libdaisy.a(stm32h7xx_hal.o)
                0x08005088                HAL_GetTick
 .text.HAL_Delay
                0x08005094       0x24 ../../libdaisy//build\libdaisy.a(stm32h7xx_hal.o)
                0x08005094                HAL_Delay
 .text.HAL_GetREVID
                0x080050b8        0xc ../../libdaisy//build\libdaisy.a(stm32h7xx_hal.o)
                0x080050b8                HAL_GetREVID
 .text.HAL_ADC_ConfigChannel
                0x080050c4      0x3fc ../../libdaisy//build\libdaisy.a(stm32h7xx_hal_adc.o)
                0x080050c4                HAL_ADC_ConfigChannel
 .text.ADC_ConfigureBoostMode
                0x080054c0      0x184 ../../libdaisy//build\libdaisy.a(stm32h7xx_hal_adc.o)
                0x080054c0                ADC_ConfigureBoostMode
 .text.HAL_ADC_Init
                0x08005644      0x218 ../../libdaisy//build\libdaisy.a(stm32h7xx_hal_adc.o)
                0x08005644                HAL_ADC_Init
 .text.HAL_ADCEx_MultiModeConfigChannel
                0x0800585c       0xc4 ../../libdaisy//build\libdaisy.a(stm32h7xx_hal_adc_ex.o)
                0x0800585c                HAL_ADCEx_MultiModeConfigChannel
 .text.HAL_NVIC_SetPriorityGrouping
                0x08005920       0x24 ../../libdaisy//build\libdaisy.a(stm32h7xx_hal_cortex.o)
                0x08005920                HAL_NVIC_SetPriorityGrouping
 .text.HAL_NVIC_SetPriority
                0x08005944       0x7c ../../libdaisy//build\libdaisy.a(stm32h7xx_hal_cortex.o)
                0x08005944                HAL_NVIC_SetPriority
 .text.HAL_NVIC_EnableIRQ
                0x080059c0       0x1c ../../libdaisy//build\libdaisy.a(stm32h7xx_hal_cortex.o)
                0x080059c0                HAL_NVIC_EnableIRQ
 .text.HAL_NVIC_DisableIRQ
                0x080059dc       0x28 ../../libdaisy//build\libdaisy.a(stm32h7xx_hal_cortex.o)
                0x080059dc                HAL_NVIC_DisableIRQ
 .text.HAL_SYSTICK_Config
                0x08005a04       0x2c ../../libdaisy//build\libdaisy.a(stm32h7xx_hal_cortex.o)
                0x08005a04                HAL_SYSTICK_Config
 .text.HAL_MPU_Disable
                0x08005a30       0x1c ../../libdaisy//build\libdaisy.a(stm32h7xx_hal_cortex.o)
                0x08005a30                HAL_MPU_Disable
 .text.HAL_MPU_Enable
                0x08005a4c       0x20 ../../libdaisy//build\libdaisy.a(stm32h7xx_hal_cortex.o)
                0x08005a4c                HAL_MPU_Enable
 .text.HAL_MPU_ConfigRegion
                0x08005a6c       0x64 ../../libdaisy//build\libdaisy.a(stm32h7xx_hal_cortex.o)
                0x08005a6c                HAL_MPU_ConfigRegion
 .text.HAL_SYSTICK_Callback
                0x08005ad0        0x4 ../../libdaisy//build\libdaisy.a(stm32h7xx_hal_cortex.o)
                0x08005ad0                HAL_SYSTICK_Callback
 .text.HAL_SYSTICK_IRQHandler
                0x08005ad4        0x8 ../../libdaisy//build\libdaisy.a(stm32h7xx_hal_cortex.o)
                0x08005ad4                HAL_SYSTICK_IRQHandler
 .text.DMA_CalcBaseAndBitshift
                0x08005adc       0xf4 ../../libdaisy//build\libdaisy.a(stm32h7xx_hal_dma.o)
 .text.DMA_CalcDMAMUXChannelBaseAndMask
                0x08005bd0       0xd8 ../../libdaisy//build\libdaisy.a(stm32h7xx_hal_dma.o)
 .text.HAL_DMA_Init
                0x08005ca8      0x37c ../../libdaisy//build\libdaisy.a(stm32h7xx_hal_dma.o)
                0x08005ca8                HAL_DMA_Init
 .text.HAL_DMA_Start_IT
                0x08006024      0x240 ../../libdaisy//build\libdaisy.a(stm32h7xx_hal_dma.o)
                0x08006024                HAL_DMA_Start_IT
 .text.HAL_DMA_Abort_IT
                0x08006264      0x134 ../../libdaisy//build\libdaisy.a(stm32h7xx_hal_dma.o)
                0x08006264                HAL_DMA_Abort_IT
 .text.HAL_DMA_IRQHandler
                0x08006398      0x6a0 ../../libdaisy//build\libdaisy.a(stm32h7xx_hal_dma.o)
                0x08006398                HAL_DMA_IRQHandler
 .text.HAL_DMA_GetError
                0x08006a38        0x4 ../../libdaisy//build\libdaisy.a(stm32h7xx_hal_dma.o)
                0x08006a38                HAL_DMA_GetError
 .text.HAL_GPIO_Init
                0x08006a3c      0x280 ../../libdaisy//build\libdaisy.a(stm32h7xx_hal_gpio.o)
                0x08006a3c                HAL_GPIO_Init
 .text.HAL_GPIO_DeInit
                0x08006cbc      0x190 ../../libdaisy//build\libdaisy.a(stm32h7xx_hal_gpio.o)
                0x08006cbc                HAL_GPIO_DeInit
 .text.HAL_GPIO_ReadPin
                0x08006e4c        0xc ../../libdaisy//build\libdaisy.a(stm32h7xx_hal_gpio.o)
                0x08006e4c                HAL_GPIO_ReadPin
 .text.HAL_GPIO_WritePin
                0x08006e58        0x8 ../../libdaisy//build\libdaisy.a(stm32h7xx_hal_gpio.o)
                0x08006e58                HAL_GPIO_WritePin
 .text.HAL_HCD_IRQHandler
                0x08006e60      0x780 ../../libdaisy//build\libdaisy.a(stm32h7xx_hal_hcd.o)
                0x08006e60                HAL_HCD_IRQHandler
 .text.HAL_HCD_Stop
                0x080075e0       0x28 ../../libdaisy//build\libdaisy.a(stm32h7xx_hal_hcd.o)
                0x080075e0                HAL_HCD_Stop
 .text.I2C_WaitOnTXISFlagUntilTimeout
                0x08007608       0xb8 ../../libdaisy//build\libdaisy.a(stm32h7xx_hal_i2c.o)
 .text.I2C_WaitOnSTOPFlagUntilTimeout
                0x080076c0       0xac ../../libdaisy//build\libdaisy.a(stm32h7xx_hal_i2c.o)
 .text.HAL_I2C_Init
                0x0800776c       0xac ../../libdaisy//build\libdaisy.a(stm32h7xx_hal_i2c.o)
                0x0800776c                HAL_I2C_Init
 .text.HAL_I2C_Master_Transmit
                0x08007818      0x1a8 ../../libdaisy//build\libdaisy.a(stm32h7xx_hal_i2c.o)
                0x08007818                HAL_I2C_Master_Transmit
 .text.HAL_I2C_Slave_Transmit
                0x080079c0      0x1c8 ../../libdaisy//build\libdaisy.a(stm32h7xx_hal_i2c.o)
                0x080079c0                HAL_I2C_Slave_Transmit
 .text.HAL_I2C_EV_IRQHandler
                0x08007b88       0x10 ../../libdaisy//build\libdaisy.a(stm32h7xx_hal_i2c.o)
                0x08007b88                HAL_I2C_EV_IRQHandler
 .text.HAL_I2C_GetState
                0x08007b98        0x8 ../../libdaisy//build\libdaisy.a(stm32h7xx_hal_i2c.o)
                0x08007b98                HAL_I2C_GetState
 .text.HAL_I2CEx_ConfigAnalogFilter
                0x08007ba0       0x54 ../../libdaisy//build\libdaisy.a(stm32h7xx_hal_i2c_ex.o)
                0x08007ba0                HAL_I2CEx_ConfigAnalogFilter
 .text.HAL_I2CEx_ConfigDigitalFilter
                0x08007bf4       0x58 ../../libdaisy//build\libdaisy.a(stm32h7xx_hal_i2c_ex.o)
                0x08007bf4                HAL_I2CEx_ConfigDigitalFilter
 .text.HAL_PCD_IRQHandler
                0x08007c4c      0x69c ../../libdaisy//build\libdaisy.a(stm32h7xx_hal_pcd.o)
                0x08007c4c                HAL_PCD_IRQHandler
 .text.HAL_PCD_SetAddress
                0x080082e8       0x2c ../../libdaisy//build\libdaisy.a(stm32h7xx_hal_pcd.o)
                0x080082e8                HAL_PCD_SetAddress
 .text.HAL_PCD_EP_Open
                0x08008314       0x7c ../../libdaisy//build\libdaisy.a(stm32h7xx_hal_pcd.o)
                0x08008314                HAL_PCD_EP_Open
 .text.HAL_PCD_EP_Receive
                0x08008390       0x50 ../../libdaisy//build\libdaisy.a(stm32h7xx_hal_pcd.o)
                0x08008390                HAL_PCD_EP_Receive
 .text.HAL_PCD_EP_Transmit
                0x080083e0       0x50 ../../libdaisy//build\libdaisy.a(stm32h7xx_hal_pcd.o)
                0x080083e0                HAL_PCD_EP_Transmit
 .text.HAL_PCD_EP_SetStall
                0x08008430       0x88 ../../libdaisy//build\libdaisy.a(stm32h7xx_hal_pcd.o)
                0x08008430                HAL_PCD_EP_SetStall
 .text.HAL_PCD_EP_ClrStall
                0x080084b8       0x78 ../../libdaisy//build\libdaisy.a(stm32h7xx_hal_pcd.o)
                0x080084b8                HAL_PCD_EP_ClrStall
 .text.HAL_PCDEx_LPM_Callback
                0x08008530        0x4 ../../libdaisy//build\libdaisy.a(stm32h7xx_hal_pcd_ex.o)
                0x08008530                HAL_PCDEx_LPM_Callback
 .text.HAL_PWREx_ConfigSupply
                0x08008534       0x4c ../../libdaisy//build\libdaisy.a(stm32h7xx_hal_pwr_ex.o)
                0x08008534                HAL_PWREx_ConfigSupply
 .text.HAL_PWREx_EnableUSBVoltageDetector
                0x08008580       0x10 ../../libdaisy//build\libdaisy.a(stm32h7xx_hal_pwr_ex.o)
                0x08008580                HAL_PWREx_EnableUSBVoltageDetector
 .text.QSPI_Config
                0x08008590      0x174 ../../libdaisy//build\libdaisy.a(stm32h7xx_hal_qspi.o)
 .text.HAL_QSPI_Init
                0x08008704       0xd8 ../../libdaisy//build\libdaisy.a(stm32h7xx_hal_qspi.o)
                0x08008704                HAL_QSPI_Init
 .text.HAL_QSPI_DeInit
                0x080087dc       0x3c ../../libdaisy//build\libdaisy.a(stm32h7xx_hal_qspi.o)
                0x080087dc                HAL_QSPI_DeInit
 .text.HAL_QSPI_Command
                0x08008818       0xd4 ../../libdaisy//build\libdaisy.a(stm32h7xx_hal_qspi.o)
                0x08008818                HAL_QSPI_Command
 .text.HAL_QSPI_Transmit
                0x080088ec       0xfc ../../libdaisy//build\libdaisy.a(stm32h7xx_hal_qspi.o)
                0x080088ec                HAL_QSPI_Transmit
 .text.HAL_QSPI_Receive
                0x080089e8      0x108 ../../libdaisy//build\libdaisy.a(stm32h7xx_hal_qspi.o)
                0x080089e8                HAL_QSPI_Receive
 .text.HAL_QSPI_AutoPolling
                0x08008af0       0xf0 ../../libdaisy//build\libdaisy.a(stm32h7xx_hal_qspi.o)
                0x08008af0                HAL_QSPI_AutoPolling
 .text.HAL_QSPI_MemoryMapped
                0x08008be0       0xc0 ../../libdaisy//build\libdaisy.a(stm32h7xx_hal_qspi.o)
                0x08008be0                HAL_QSPI_MemoryMapped
 .text.HAL_QSPI_ErrorCallback
                0x08008ca0        0x4 ../../libdaisy//build\libdaisy.a(stm32h7xx_hal_qspi.o)
                0x08008ca0                HAL_QSPI_ErrorCallback
 .text.QSPI_DMAAbortCplt
                0x08008ca4       0x38 ../../libdaisy//build\libdaisy.a(stm32h7xx_hal_qspi.o)
 .text.HAL_QSPI_AbortCpltCallback
                0x08008cdc        0x4 ../../libdaisy//build\libdaisy.a(stm32h7xx_hal_qspi.o)
                0x08008cdc                HAL_QSPI_AbortCpltCallback
 .text.HAL_QSPI_CmdCpltCallback
                0x08008ce0        0x4 ../../libdaisy//build\libdaisy.a(stm32h7xx_hal_qspi.o)
                0x08008ce0                HAL_QSPI_CmdCpltCallback
 .text.HAL_QSPI_RxCpltCallback
                0x08008ce4        0x4 ../../libdaisy//build\libdaisy.a(stm32h7xx_hal_qspi.o)
                0x08008ce4                HAL_QSPI_RxCpltCallback
 .text.HAL_QSPI_TxCpltCallback
                0x08008ce8        0x4 ../../libdaisy//build\libdaisy.a(stm32h7xx_hal_qspi.o)
                0x08008ce8                HAL_QSPI_TxCpltCallback
 .text.HAL_QSPI_FifoThresholdCallback
                0x08008cec        0x4 ../../libdaisy//build\libdaisy.a(stm32h7xx_hal_qspi.o)
                0x08008cec                HAL_QSPI_FifoThresholdCallback
 .text.HAL_QSPI_StatusMatchCallback
                0x08008cf0        0x4 ../../libdaisy//build\libdaisy.a(stm32h7xx_hal_qspi.o)
                0x08008cf0                HAL_QSPI_StatusMatchCallback
 .text.HAL_QSPI_TimeOutCallback
                0x08008cf4        0x4 ../../libdaisy//build\libdaisy.a(stm32h7xx_hal_qspi.o)
                0x08008cf4                HAL_QSPI_TimeOutCallback
 .text.HAL_QSPI_IRQHandler
                0x08008cf8      0x210 ../../libdaisy//build\libdaisy.a(stm32h7xx_hal_qspi.o)
                0x08008cf8                HAL_QSPI_IRQHandler
 .text.HAL_RCC_OscConfig
                0x08008f08      0x51c ../../libdaisy//build\libdaisy.a(stm32h7xx_hal_rcc.o)
                0x08008f08                HAL_RCC_OscConfig
 .text.HAL_RCC_GetSysClockFreq
                0x08009424      0x140 ../../libdaisy//build\libdaisy.a(stm32h7xx_hal_rcc.o)
                0x08009424                HAL_RCC_GetSysClockFreq
 .text.HAL_RCC_ClockConfig
                0x08009564      0x234 ../../libdaisy//build\libdaisy.a(stm32h7xx_hal_rcc.o)
                0x08009564                HAL_RCC_ClockConfig
 .text.HAL_RCC_GetHCLKFreq
                0x08009798       0x2c ../../libdaisy//build\libdaisy.a(stm32h7xx_hal_rcc.o)
                0x08009798                HAL_RCC_GetHCLKFreq
 .text.HAL_RCC_GetPCLK1Freq
                0x080097c4       0x38 ../../libdaisy//build\libdaisy.a(stm32h7xx_hal_rcc.o)
                0x080097c4                HAL_RCC_GetPCLK1Freq
 .text.RCCEx_PLL2_Config
                0x080097fc       0xf4 ../../libdaisy//build\libdaisy.a(stm32h7xx_hal_rcc_ex.o)
 .text.RCCEx_PLL3_Config
                0x080098f0       0xf4 ../../libdaisy//build\libdaisy.a(stm32h7xx_hal_rcc_ex.o)
 .text.HAL_RCCEx_PeriphCLKConfig
                0x080099e4      0xa7c ../../libdaisy//build\libdaisy.a(stm32h7xx_hal_rcc_ex.o)
                0x080099e4                HAL_RCCEx_PeriphCLKConfig
 .text.HAL_RCCEx_GetPLL2ClockFreq
                0x0800a460      0x17c ../../libdaisy//build\libdaisy.a(stm32h7xx_hal_rcc_ex.o)
                0x0800a460                HAL_RCCEx_GetPLL2ClockFreq
 .text.HAL_RCCEx_GetPLL3ClockFreq
                0x0800a5dc      0x17c ../../libdaisy//build\libdaisy.a(stm32h7xx_hal_rcc_ex.o)
                0x0800a5dc                HAL_RCCEx_GetPLL3ClockFreq
 .text.HAL_RCCEx_GetPLL1ClockFreq
                0x0800a758      0x17c ../../libdaisy//build\libdaisy.a(stm32h7xx_hal_rcc_ex.o)
                0x0800a758                HAL_RCCEx_GetPLL1ClockFreq
 .text.HAL_RCCEx_GetPeriphCLKFreq
                0x0800a8d4      0x198 ../../libdaisy//build\libdaisy.a(stm32h7xx_hal_rcc_ex.o)
                0x0800a8d4                HAL_RCCEx_GetPeriphCLKFreq
 .text.HAL_RCCEx_GetD1SysClockFreq
                0x0800aa6c       0x2c ../../libdaisy//build\libdaisy.a(stm32h7xx_hal_rcc_ex.o)
                0x0800aa6c                HAL_RCCEx_GetD1SysClockFreq
 .text.HAL_SAI_Init.part.0
                0x0800aa98      0x348 ../../libdaisy//build\libdaisy.a(stm32h7xx_hal_sai.o)
 .text.HAL_SAI_InitProtocol
                0x0800ade0      0x178 ../../libdaisy//build\libdaisy.a(stm32h7xx_hal_sai.o)
                0x0800ade0                HAL_SAI_InitProtocol
 .text.HAL_SAI_Transmit_DMA
                0x0800af58      0x124 ../../libdaisy//build\libdaisy.a(stm32h7xx_hal_sai.o)
                0x0800af58                HAL_SAI_Transmit_DMA
 .text.HAL_SAI_Receive_DMA
                0x0800b07c       0xd0 ../../libdaisy//build\libdaisy.a(stm32h7xx_hal_sai.o)
                0x0800b07c                HAL_SAI_Receive_DMA
 .text.HAL_SAI_TxCpltCallback
                0x0800b14c        0x4 ../../libdaisy//build\libdaisy.a(stm32h7xx_hal_sai.o)
                0x0800b14c                HAL_SAI_TxCpltCallback
 .text.SAI_DMATxCplt
                0x0800b150       0x64 ../../libdaisy//build\libdaisy.a(stm32h7xx_hal_sai.o)
 .text.HAL_SAI_TxHalfCpltCallback
                0x0800b1b4        0x4 ../../libdaisy//build\libdaisy.a(stm32h7xx_hal_sai.o)
                0x0800b1b4                HAL_SAI_TxHalfCpltCallback
 .text.SAI_DMATxHalfCplt
                0x0800b1b8        0xc ../../libdaisy//build\libdaisy.a(stm32h7xx_hal_sai.o)
 .text.SAI_DMARxCplt
                0x0800b1c4       0x64 ../../libdaisy//build\libdaisy.a(stm32h7xx_hal_sai.o)
 .text.SAI_DMARxHalfCplt
                0x0800b228        0xc ../../libdaisy//build\libdaisy.a(stm32h7xx_hal_sai.o)
 .text.HAL_SAI_ErrorCallback
                0x0800b234        0x4 ../../libdaisy//build\libdaisy.a(stm32h7xx_hal_sai.o)
                0x0800b234                HAL_SAI_ErrorCallback
 .text.SAI_DMAError
                0x0800b238       0x6c ../../libdaisy//build\libdaisy.a(stm32h7xx_hal_sai.o)
 .text.HAL_SDRAM_Init
                0x0800b2a4       0x54 ../../libdaisy//build\libdaisy.a(stm32h7xx_hal_sdram.o)
                0x0800b2a4                HAL_SDRAM_Init
 .text.HAL_SDRAM_SendCommand
                0x0800b2f8       0x40 ../../libdaisy//build\libdaisy.a(stm32h7xx_hal_sdram.o)
                0x0800b2f8                HAL_SDRAM_SendCommand
 .text.HAL_SDRAM_ProgramRefreshRate
                0x0800b338       0x30 ../../libdaisy//build\libdaisy.a(stm32h7xx_hal_sdram.o)
                0x0800b338                HAL_SDRAM_ProgramRefreshRate
 .text.FMC_SDRAM_Init
                0x0800b368       0x7c ../../libdaisy//build\libdaisy.a(stm32h7xx_ll_fmc.o)
                0x0800b368                FMC_SDRAM_Init
 .text.FMC_SDRAM_Timing_Init
                0x0800b3e4       0x98 ../../libdaisy//build\libdaisy.a(stm32h7xx_ll_fmc.o)
                0x0800b3e4                FMC_SDRAM_Timing_Init
 .text.FMC_SDRAM_SendCommand
                0x0800b47c       0x28 ../../libdaisy//build\libdaisy.a(stm32h7xx_ll_fmc.o)
                0x0800b47c                FMC_SDRAM_SendCommand
 .text.FMC_SDRAM_ProgramRefreshRate
                0x0800b4a4       0x1c ../../libdaisy//build\libdaisy.a(stm32h7xx_ll_fmc.o)
                0x0800b4a4                FMC_SDRAM_ProgramRefreshRate
 .text.USB_SetTurnaroundTime
                0x0800b4c0       0xf4 ../../libdaisy//build\libdaisy.a(stm32h7xx_ll_usb.o)
                0x0800b4c0                USB_SetTurnaroundTime
 .text.USB_FlushTxFifo
                0x0800b5b4       0x24 ../../libdaisy//build\libdaisy.a(stm32h7xx_ll_usb.o)
                0x0800b5b4                USB_FlushTxFifo
 .text.USB_GetDevSpeed
                0x0800b5d8       0x18 ../../libdaisy//build\libdaisy.a(stm32h7xx_ll_usb.o)
                0x0800b5d8                USB_GetDevSpeed
 .text.USB_ActivateEndpoint
                0x0800b5f0       0x90 ../../libdaisy//build\libdaisy.a(stm32h7xx_ll_usb.o)
                0x0800b5f0                USB_ActivateEndpoint
 .text.USB_EPStartXfer
                0x0800b680      0x230 ../../libdaisy//build\libdaisy.a(stm32h7xx_ll_usb.o)
                0x0800b680                USB_EPStartXfer
 .text.USB_EP0StartXfer
                0x0800b8b0      0x174 ../../libdaisy//build\libdaisy.a(stm32h7xx_ll_usb.o)
                0x0800b8b0                USB_EP0StartXfer
 .text.USB_WritePacket
                0x0800ba24       0x2c ../../libdaisy//build\libdaisy.a(stm32h7xx_ll_usb.o)
                0x0800ba24                USB_WritePacket
 .text.USB_ReadPacket
                0x0800ba50       0x20 ../../libdaisy//build\libdaisy.a(stm32h7xx_ll_usb.o)
                0x0800ba50                USB_ReadPacket
 .text.USB_EPSetStall
                0x0800ba70       0x68 ../../libdaisy//build\libdaisy.a(stm32h7xx_ll_usb.o)
                0x0800ba70                USB_EPSetStall
 .text.USB_EPClearStall
                0x0800bad8       0x58 ../../libdaisy//build\libdaisy.a(stm32h7xx_ll_usb.o)
                0x0800bad8                USB_EPClearStall
 .text.USB_SetDevAddress
                0x0800bb30       0x24 ../../libdaisy//build\libdaisy.a(stm32h7xx_ll_usb.o)
                0x0800bb30                USB_SetDevAddress
 .text.USB_ReadInterrupts
                0x0800bb54        0x8 ../../libdaisy//build\libdaisy.a(stm32h7xx_ll_usb.o)
                0x0800bb54                USB_ReadInterrupts
 .text.USB_ReadDevAllOutEpInterrupt
                0x0800bb5c       0x10 ../../libdaisy//build\libdaisy.a(stm32h7xx_ll_usb.o)
                0x0800bb5c                USB_ReadDevAllOutEpInterrupt
 .text.USB_ReadDevAllInEpInterrupt
                0x0800bb6c       0x10 ../../libdaisy//build\libdaisy.a(stm32h7xx_ll_usb.o)
                0x0800bb6c                USB_ReadDevAllInEpInterrupt
 .text.USB_ReadDevOutEPInterrupt
                0x0800bb7c       0x14 ../../libdaisy//build\libdaisy.a(stm32h7xx_ll_usb.o)
                0x0800bb7c                USB_ReadDevOutEPInterrupt
 .text.USB_ReadDevInEPInterrupt
                0x0800bb90       0x20 ../../libdaisy//build\libdaisy.a(stm32h7xx_ll_usb.o)
                0x0800bb90                USB_ReadDevInEPInterrupt
 .text.USB_GetMode
                0x0800bbb0        0x8 ../../libdaisy//build\libdaisy.a(stm32h7xx_ll_usb.o)
                0x0800bbb0                USB_GetMode
 .text.USB_ActivateSetup
                0x0800bbb8       0x38 ../../libdaisy//build\libdaisy.a(stm32h7xx_ll_usb.o)
                0x0800bbb8                USB_ActivateSetup
 .text.USB_EP0_OutStart
                0x0800bbf0       0x58 ../../libdaisy//build\libdaisy.a(stm32h7xx_ll_usb.o)
                0x0800bbf0                USB_EP0_OutStart
 .text.USB_InitFSLSPClkSel
                0x0800bc48       0x44 ../../libdaisy//build\libdaisy.a(stm32h7xx_ll_usb.o)
                0x0800bc48                USB_InitFSLSPClkSel
 .text.USB_HC_ReadInterrupt
                0x0800bc8c        0x8 ../../libdaisy//build\libdaisy.a(stm32h7xx_ll_usb.o)
                0x0800bc8c                USB_HC_ReadInterrupt
 .text.USB_HC_Halt
                0x0800bc94       0xb4 ../../libdaisy//build\libdaisy.a(stm32h7xx_ll_usb.o)
                0x0800bc94                USB_HC_Halt
 .text.USB_StopHost
                0x0800bd48      0x184 ../../libdaisy//build\libdaisy.a(stm32h7xx_ll_usb.o)
                0x0800bd48                USB_StopHost
 .text.USBD_SetClassConfig
                0x0800becc       0x14 ../../libdaisy//build\libdaisy.a(usbd_core.o)
                0x0800becc                USBD_SetClassConfig
 .text.USBD_ClrClassConfig
                0x0800bee0       0x10 ../../libdaisy//build\libdaisy.a(usbd_core.o)
                0x0800bee0                USBD_ClrClassConfig
 .text.USBD_LL_SetupStage
                0x0800bef0       0x5c ../../libdaisy//build\libdaisy.a(usbd_core.o)
                0x0800bef0                USBD_LL_SetupStage
 .text.USBD_LL_DataOutStage
                0x0800bf4c       0x7c ../../libdaisy//build\libdaisy.a(usbd_core.o)
                0x0800bf4c                USBD_LL_DataOutStage
 .text.USBD_LL_DataInStage
                0x0800bfc8       0xcc ../../libdaisy//build\libdaisy.a(usbd_core.o)
                0x0800bfc8                USBD_LL_DataInStage
 .text.USBD_LL_Reset
                0x0800c094       0x50 ../../libdaisy//build\libdaisy.a(usbd_core.o)
                0x0800c094                USBD_LL_Reset
 .text.USBD_LL_SetSpeed
                0x0800c0e4        0x8 ../../libdaisy//build\libdaisy.a(usbd_core.o)
                0x0800c0e4                USBD_LL_SetSpeed
 .text.USBD_LL_Suspend
                0x0800c0ec       0x14 ../../libdaisy//build\libdaisy.a(usbd_core.o)
                0x0800c0ec                USBD_LL_Suspend
 .text.USBD_LL_Resume
                0x0800c100       0x10 ../../libdaisy//build\libdaisy.a(usbd_core.o)
                0x0800c100                USBD_LL_Resume
 .text.USBD_LL_SOF
                0x0800c110       0x1c ../../libdaisy//build\libdaisy.a(usbd_core.o)
                0x0800c110                USBD_LL_SOF
 .text.USBD_LL_IsoINIncomplete
                0x0800c12c        0x4 ../../libdaisy//build\libdaisy.a(usbd_core.o)
                0x0800c12c                USBD_LL_IsoINIncomplete
 .text.USBD_LL_IsoOUTIncomplete
                0x0800c130        0x4 ../../libdaisy//build\libdaisy.a(usbd_core.o)
                0x0800c130                USBD_LL_IsoOUTIncomplete
 .text.USBD_LL_DevConnected
                0x0800c134        0x4 ../../libdaisy//build\libdaisy.a(usbd_core.o)
                0x0800c134                USBD_LL_DevConnected
 .text.USBD_LL_DevDisconnected
                0x0800c138       0x18 ../../libdaisy//build\libdaisy.a(usbd_core.o)
                0x0800c138                USBD_LL_DevDisconnected
 .text.USBD_StdDevReq
                0x0800c150      0x304 ../../libdaisy//build\libdaisy.a(usbd_ctlreq.o)
                0x0800c150                USBD_StdDevReq
 .text.USBD_StdItfReq
                0x0800c454       0x68 ../../libdaisy//build\libdaisy.a(usbd_ctlreq.o)
                0x0800c454                USBD_StdItfReq
 .text.USBD_StdEPReq
                0x0800c4bc      0x13c ../../libdaisy//build\libdaisy.a(usbd_ctlreq.o)
                0x0800c4bc                USBD_StdEPReq
 .text.USBD_ParseSetupRequest
                0x0800c5f8       0x28 ../../libdaisy//build\libdaisy.a(usbd_ctlreq.o)
                0x0800c5f8                USBD_ParseSetupRequest
 .text.USBD_CtlSendData
                0x0800c620       0x1c ../../libdaisy//build\libdaisy.a(usbd_ioreq.o)
                0x0800c620                USBD_CtlSendData
 .text.USBD_CtlContinueSendData
                0x0800c63c       0x14 ../../libdaisy//build\libdaisy.a(usbd_ioreq.o)
                0x0800c63c                USBD_CtlContinueSendData
 .text.USBD_CtlContinueRx
                0x0800c650       0x14 ../../libdaisy//build\libdaisy.a(usbd_ioreq.o)
                0x0800c650                USBD_CtlContinueRx
 .text.USBD_CtlSendStatus
                0x0800c664       0x18 ../../libdaisy//build\libdaisy.a(usbd_ioreq.o)
                0x0800c664                USBD_CtlSendStatus
 .text.USBD_CtlReceiveStatus
                0x0800c67c       0x18 ../../libdaisy//build\libdaisy.a(usbd_ioreq.o)
                0x0800c67c                USBD_CtlReceiveStatus
 .text.USBH_LL_IncTimer
                0x0800c694       0x20 ../../libdaisy//build\libdaisy.a(usbh_core.o)
                0x0800c694                USBH_LL_IncTimer
 .text.USBH_LL_PortEnabled
                0x0800c6b4        0x8 ../../libdaisy//build\libdaisy.a(usbh_core.o)
                0x0800c6b4                USBH_LL_PortEnabled
 .text.USBH_LL_PortDisabled
                0x0800c6bc        0x8 ../../libdaisy//build\libdaisy.a(usbh_core.o)
                0x0800c6bc                USBH_LL_PortDisabled
 .text.USBH_LL_Connect
                0x0800c6c4       0x18 ../../libdaisy//build\libdaisy.a(usbh_core.o)
                0x0800c6c4                USBH_LL_Connect
 .text.USBH_LL_Disconnect
                0x0800c6dc       0x2c ../../libdaisy//build\libdaisy.a(usbh_core.o)
                0x0800c6dc                USBH_LL_Disconnect
 .text.USBH_FreePipe
                0x0800c708       0x18 ../../libdaisy//build\libdaisy.a(usbh_pipes.o)
                0x0800c708                USBH_FreePipe
 .text._ZN5daisy6Random4InitEv
                0x0800c720       0x3c ../../libdaisy//build\libdaisy.a(rng.o)
                0x0800c720                daisy::Random::Init()
 .text._ZN5daisy9SpiHandle4Impl10StartDmaTxEPhjPFvPvNS0_6ResultEES3_
                0x0800c75c       0xfc ../../libdaisy//build\libdaisy.a(spi.o)
                0x0800c75c                daisy::SpiHandle::Impl::StartDmaTx(unsigned char*, unsigned int, void (*)(void*, daisy::SpiHandle::Result), void*)
 .text._ZN5daisy9SpiHandle4Impl10StartDmaRxEPhjPFvPvNS0_6ResultEES3_
                0x0800c858       0xfc ../../libdaisy//build\libdaisy.a(spi.o)
                0x0800c858                daisy::SpiHandle::Impl::StartDmaRx(unsigned char*, unsigned int, void (*)(void*, daisy::SpiHandle::Result), void*)
 .text._ZN5daisy9SpiHandle4Impl8InitPinsEv
                0x0800c954      0x274 ../../libdaisy//build\libdaisy.a(spi.o)
                0x0800c954                daisy::SpiHandle::Impl::InitPins()
 .text.HAL_SPI_MspInit
                0x0800cbc8      0x1a8 ../../libdaisy//build\libdaisy.a(spi.o)
                0x0800cbc8                HAL_SPI_MspInit
 .text.dsy_spi_global_init
                0x0800cd70       0x6c ../../libdaisy//build\libdaisy.a(spi.o)
                0x0800cd70                dsy_spi_global_init
 .text.SPI1_IRQHandler
                0x0800cddc        0xc ../../libdaisy//build\libdaisy.a(spi.o)
                0x0800cddc                SPI1_IRQHandler
 .text.DMA1_Stream7_IRQHandler
                0x0800cde8       0x34 ../../libdaisy//build\libdaisy.a(spi.o)
                0x0800cde8                DMA1_Stream7_IRQHandler
 .text.HAL_SPI_TxCpltCallback
                0x0800ce1c       0x90 ../../libdaisy//build\libdaisy.a(spi.o)
                0x0800ce1c                HAL_SPI_TxCpltCallback
 .text.HAL_SPI_RxCpltCallback
                0x0800ceac       0x90 ../../libdaisy//build\libdaisy.a(spi.o)
                0x0800ceac                HAL_SPI_RxCpltCallback
 .text.HAL_SPI_ErrorCallback
                0x0800cf3c       0x94 ../../libdaisy//build\libdaisy.a(spi.o)
                0x0800cf3c                HAL_SPI_ErrorCallback
 .text.startup._GLOBAL__sub_I__Z19MapInstanceToHandleP11SPI_TypeDef
                0x0800cfd0      0x168 ../../libdaisy//build\libdaisy.a(spi.o)
 .text.HAL_TIM_Base_MspInit
                0x0800d138       0xcc ../../libdaisy//build\libdaisy.a(tim.o)
                0x0800d138                HAL_TIM_Base_MspInit
 .text._ZN5daisy11TimerHandle4InitERKNS0_6ConfigE
                0x0800d204       0xc4 ../../libdaisy//build\libdaisy.a(tim.o)
                0x0800d204                daisy::TimerHandle::Init(daisy::TimerHandle::Config const&)
 .text._ZN5daisy11TimerHandle5StartEv
                0x0800d2c8       0x14 ../../libdaisy//build\libdaisy.a(tim.o)
                0x0800d2c8                daisy::TimerHandle::Start()
 .text.dsy_dma_init
                0x0800d2dc       0xe0 ../../libdaisy//build\libdaisy.a(dma.o)
                0x0800d2dc                dsy_dma_init
 .text.HAL_MDMA_Abort_IT
                0x0800d3bc       0x2c ../../libdaisy//build\libdaisy.a(stm32h7xx_hal_mdma.o)
                0x0800d3bc                HAL_MDMA_Abort_IT
 .text.SPI_CloseTransfer
                0x0800d3e8       0xb8 ../../libdaisy//build\libdaisy.a(stm32h7xx_hal_spi.o)
 .text.HAL_SPI_Init
                0x0800d4a0      0x15c ../../libdaisy//build\libdaisy.a(stm32h7xx_hal_spi.o)
                0x0800d4a0                HAL_SPI_Init
 .text.HAL_SPI_Transmit_DMA
                0x0800d5fc      0x170 ../../libdaisy//build\libdaisy.a(stm32h7xx_hal_spi.o)
                0x0800d5fc                HAL_SPI_Transmit_DMA
 .text.HAL_SPI_TransmitReceive_DMA
                0x0800d76c      0x218 ../../libdaisy//build\libdaisy.a(stm32h7xx_hal_spi.o)
                0x0800d76c                HAL_SPI_TransmitReceive_DMA
 .text.HAL_SPI_Receive_DMA
                0x0800d984      0x1b4 ../../libdaisy//build\libdaisy.a(stm32h7xx_hal_spi.o)
                0x0800d984                HAL_SPI_Receive_DMA
 .text.SPI_DMATransmitCplt
                0x0800db38       0x28 ../../libdaisy//build\libdaisy.a(stm32h7xx_hal_spi.o)
 .text.SPI_DMAReceiveCplt
                0x0800db60       0x28 ../../libdaisy//build\libdaisy.a(stm32h7xx_hal_spi.o)
 .text.HAL_SPI_TxRxCpltCallback
                0x0800db88        0x4 ../../libdaisy//build\libdaisy.a(stm32h7xx_hal_spi.o)
                0x0800db88                HAL_SPI_TxRxCpltCallback
 .text.SPI_DMATransmitReceiveCplt
                0x0800db8c       0x28 ../../libdaisy//build\libdaisy.a(stm32h7xx_hal_spi.o)
 .text.HAL_SPI_TxHalfCpltCallback
                0x0800dbb4        0x4 ../../libdaisy//build\libdaisy.a(stm32h7xx_hal_spi.o)
                0x0800dbb4                HAL_SPI_TxHalfCpltCallback
 .text.SPI_DMAHalfTransmitCplt
                0x0800dbb8        0xc ../../libdaisy//build\libdaisy.a(stm32h7xx_hal_spi.o)
 .text.HAL_SPI_RxHalfCpltCallback
                0x0800dbc4        0x4 ../../libdaisy//build\libdaisy.a(stm32h7xx_hal_spi.o)
                0x0800dbc4                HAL_SPI_RxHalfCpltCallback
 .text.SPI_DMAHalfReceiveCplt
                0x0800dbc8        0xc ../../libdaisy//build\libdaisy.a(stm32h7xx_hal_spi.o)
 .text.HAL_SPI_TxRxHalfCpltCallback
                0x0800dbd4        0x4 ../../libdaisy//build\libdaisy.a(stm32h7xx_hal_spi.o)
                0x0800dbd4                HAL_SPI_TxRxHalfCpltCallback
 .text.SPI_DMAHalfTransmitReceiveCplt
                0x0800dbd8        0xc ../../libdaisy//build\libdaisy.a(stm32h7xx_hal_spi.o)
 .text.SPI_DMAError
                0x0800dbe4       0xd8 ../../libdaisy//build\libdaisy.a(stm32h7xx_hal_spi.o)
 .text.HAL_SPI_IRQHandler
                0x0800dcbc      0x23c ../../libdaisy//build\libdaisy.a(stm32h7xx_hal_spi.o)
                0x0800dcbc                HAL_SPI_IRQHandler
 .text.SPI_DMAAbortOnError
                0x0800def8       0x1c ../../libdaisy//build\libdaisy.a(stm32h7xx_hal_spi.o)
 .text.HAL_SPI_GetState
                0x0800df14        0x8 ../../libdaisy//build\libdaisy.a(stm32h7xx_hal_spi.o)
                0x0800df14                HAL_SPI_GetState
 .text.HAL_TIM_Base_Init
                0x0800df1c      0x140 ../../libdaisy//build\libdaisy.a(stm32h7xx_hal_tim.o)
                0x0800df1c                HAL_TIM_Base_Init
 .text.HAL_TIM_Base_Start
                0x0800e05c       0x34 ../../libdaisy//build\libdaisy.a(stm32h7xx_hal_tim.o)
                0x0800e05c                HAL_TIM_Base_Start
 .text.HAL_TIM_ConfigClockSource
                0x0800e090      0x17c ../../libdaisy//build\libdaisy.a(stm32h7xx_hal_tim.o)
                0x0800e090                HAL_TIM_ConfigClockSource
 .text.HAL_TIMEx_MasterConfigSynchronization
                0x0800e20c       0x64 ../../libdaisy//build\libdaisy.a(stm32h7xx_hal_tim_ex.o)
                0x0800e20c                HAL_TIMEx_MasterConfigSynchronization
 .text._ZN7daisysp6Phaser4InitEf
                0x0800e270       0xec ../../DaisySP//build\libdaisysp.a(phaser.o)
                0x0800e270                daisysp::Phaser::Init(float)
 .text._ZN7daisysp6Phaser7ProcessEf
                0x0800e35c      0x134 ../../DaisySP//build\libdaisysp.a(phaser.o)
                0x0800e35c                daisysp::Phaser::Process(float)
 .text._ZN7daisysp7Tremolo4InitEf
                0x0800e490       0x8c ../../DaisySP//build\libdaisysp.a(tremolo.o)
                0x0800e490                daisysp::Tremolo::Init(float)
 .text._ZN7daisysp7Tremolo7ProcessEf
                0x0800e51c       0x24 ../../DaisySP//build\libdaisysp.a(tremolo.o)
                0x0800e51c                daisysp::Tremolo::Process(float)
 .text._ZN7daisysp10Oscillator7ProcessEv
                0x0800e540      0x3c4 ../../DaisySP//build\libdaisysp.a(oscillator.o)
                0x0800e540                daisysp::Oscillator::Process()
 .text._ZN7daisysp10Oscillator12CalcPhaseIncEf
                0x0800e904       0x18 ../../DaisySP//build\libdaisysp.a(oscillator.o)
                0x0800e904                daisysp::Oscillator::CalcPhaseInc(float)
 .text.__aeabi_atexit
                0x0800e91c        0xa d:/programmi/gnu arm embedded toolchain/10 2020-q4-major/bin/../lib/gcc/arm-none-eabi/10.2.1/../../../../arm-none-eabi/lib/thumb/v7e-m+dp/hard\libstdc++_nano.a(atexit_arm.o)
                0x0800e91c                __aeabi_atexit
 .text._ZNK10__cxxabiv117__class_type_info11__do_upcastEPKS0_PPv
                0x0800e926       0x32 d:/programmi/gnu arm embedded toolchain/10 2020-q4-major/bin/../lib/gcc/arm-none-eabi/10.2.1/../../../../arm-none-eabi/lib/thumb/v7e-m+dp/hard\libstdc++_nano.a(class_type_info.o)
                0x0800e926                __cxxabiv1::__class_type_info::__do_upcast(__cxxabiv1::__class_type_info const*, void**) const
 .text._ZNK10__cxxabiv117__class_type_info20__do_find_public_srcEiPKvPKS0_S2_
                0x0800e958        0xc d:/programmi/gnu arm embedded toolchain/10 2020-q4-major/bin/../lib/gcc/arm-none-eabi/10.2.1/../../../../arm-none-eabi/lib/thumb/v7e-m+dp/hard\libstdc++_nano.a(class_type_info.o)
                0x0800e958                __cxxabiv1::__class_type_info::__do_find_public_src(int, void const*, __cxxabiv1::__class_type_info const*, void const*) const
 .text._ZN10__cxxabiv117__class_type_infoD2Ev
                0x0800e964       0x14 d:/programmi/gnu arm embedded toolchain/10 2020-q4-major/bin/../lib/gcc/arm-none-eabi/10.2.1/../../../../arm-none-eabi/lib/thumb/v7e-m+dp/hard\libstdc++_nano.a(class_type_info.o)
                0x0800e964                __cxxabiv1::__class_type_info::~__class_type_info()
                0x0800e964                __cxxabiv1::__class_type_info::~__class_type_info()
 .text._ZN10__cxxabiv117__class_type_infoD0Ev
                0x0800e978       0x14 d:/programmi/gnu arm embedded toolchain/10 2020-q4-major/bin/../lib/gcc/arm-none-eabi/10.2.1/../../../../arm-none-eabi/lib/thumb/v7e-m+dp/hard\libstdc++_nano.a(class_type_info.o)
                0x0800e978                __cxxabiv1::__class_type_info::~__class_type_info()
 .text._ZNK10__cxxabiv117__class_type_info12__do_dyncastEiNS0_10__sub_kindEPKS0_PKvS3_S5_RNS0_16__dyncast_resultE
                0x0800e98c       0x3e d:/programmi/gnu arm embedded toolchain/10 2020-q4-major/bin/../lib/gcc/arm-none-eabi/10.2.1/../../../../arm-none-eabi/lib/thumb/v7e-m+dp/hard\libstdc++_nano.a(class_type_info.o)
                0x0800e98c                __cxxabiv1::__class_type_info::__do_dyncast(int, __cxxabiv1::__class_type_info::__sub_kind, __cxxabiv1::__class_type_info const*, void const*, __cxxabiv1::__class_type_info const*, void const*, __cxxabiv1::__class_type_info::__dyncast_result&) const
 .text._ZNK10__cxxabiv117__class_type_info11__do_upcastEPKS0_PKvRNS0_15__upcast_resultE
                0x0800e9ca       0x18 d:/programmi/gnu arm embedded toolchain/10 2020-q4-major/bin/../lib/gcc/arm-none-eabi/10.2.1/../../../../arm-none-eabi/lib/thumb/v7e-m+dp/hard\libstdc++_nano.a(class_type_info.o)
                0x0800e9ca                __cxxabiv1::__class_type_info::__do_upcast(__cxxabiv1::__class_type_info const*, void const*, __cxxabiv1::__class_type_info::__upcast_result&) const
 .text._ZNK10__cxxabiv117__class_type_info10__do_catchEPKSt9type_infoPPvj
                0x0800e9e2       0x2a d:/programmi/gnu arm embedded toolchain/10 2020-q4-major/bin/../lib/gcc/arm-none-eabi/10.2.1/../../../../arm-none-eabi/lib/thumb/v7e-m+dp/hard\libstdc++_nano.a(class_type_info.o)
                0x0800e9e2                __cxxabiv1::__class_type_info::__do_catch(std::type_info const*, void**, unsigned int) const
 .text._ZdlPvj  0x0800ea0c        0x4 d:/programmi/gnu arm embedded toolchain/10 2020-q4-major/bin/../lib/gcc/arm-none-eabi/10.2.1/../../../../arm-none-eabi/lib/thumb/v7e-m+dp/hard\libstdc++_nano.a(del_ops.o)
                0x0800ea0c                operator delete(void*, unsigned int)
 .text._ZN10__cxxabiv120__si_class_type_infoD2Ev
                0x0800ea10       0x14 d:/programmi/gnu arm embedded toolchain/10 2020-q4-major/bin/../lib/gcc/arm-none-eabi/10.2.1/../../../../arm-none-eabi/lib/thumb/v7e-m+dp/hard\libstdc++_nano.a(si_class_type_info.o)
                0x0800ea10                __cxxabiv1::__si_class_type_info::~__si_class_type_info()
                0x0800ea10                __cxxabiv1::__si_class_type_info::~__si_class_type_info()
 .text._ZN10__cxxabiv120__si_class_type_infoD0Ev
                0x0800ea24       0x14 d:/programmi/gnu arm embedded toolchain/10 2020-q4-major/bin/../lib/gcc/arm-none-eabi/10.2.1/../../../../arm-none-eabi/lib/thumb/v7e-m+dp/hard\libstdc++_nano.a(si_class_type_info.o)
                0x0800ea24                __cxxabiv1::__si_class_type_info::~__si_class_type_info()
 .text._ZNK10__cxxabiv120__si_class_type_info20__do_find_public_srcEiPKvPKNS_17__class_type_infoES2_
                0x0800ea38       0x38 d:/programmi/gnu arm embedded toolchain/10 2020-q4-major/bin/../lib/gcc/arm-none-eabi/10.2.1/../../../../arm-none-eabi/lib/thumb/v7e-m+dp/hard\libstdc++_nano.a(si_class_type_info.o)
                0x0800ea38                __cxxabiv1::__si_class_type_info::__do_find_public_src(int, void const*, __cxxabiv1::__class_type_info const*, void const*) const
 .text._ZNK10__cxxabiv120__si_class_type_info12__do_dyncastEiNS_17__class_type_info10__sub_kindEPKS1_PKvS4_S6_RNS1_16__dyncast_resultE
                0x0800ea70       0x74 d:/programmi/gnu arm embedded toolchain/10 2020-q4-major/bin/../lib/gcc/arm-none-eabi/10.2.1/../../../../arm-none-eabi/lib/thumb/v7e-m+dp/hard\libstdc++_nano.a(si_class_type_info.o)
                0x0800ea70                __cxxabiv1::__si_class_type_info::__do_dyncast(int, __cxxabiv1::__class_type_info::__sub_kind, __cxxabiv1::__class_type_info const*, void const*, __cxxabiv1::__class_type_info const*, void const*, __cxxabiv1::__class_type_info::__dyncast_result&) const
 .text._ZNK10__cxxabiv120__si_class_type_info11__do_upcastEPKNS_17__class_type_infoEPKvRNS1_15__upcast_resultE
                0x0800eae4       0x2a d:/programmi/gnu arm embedded toolchain/10 2020-q4-major/bin/../lib/gcc/arm-none-eabi/10.2.1/../../../../arm-none-eabi/lib/thumb/v7e-m+dp/hard\libstdc++_nano.a(si_class_type_info.o)
                0x0800eae4                __cxxabiv1::__si_class_type_info::__do_upcast(__cxxabiv1::__class_type_info const*, void const*, __cxxabiv1::__class_type_info::__upcast_result&) const
 .text._ZNSt9type_infoD2Ev
                0x0800eb0e        0x2 d:/programmi/gnu arm embedded toolchain/10 2020-q4-major/bin/../lib/gcc/arm-none-eabi/10.2.1/../../../../arm-none-eabi/lib/thumb/v7e-m+dp/hard\libstdc++_nano.a(tinfo.o)
                0x0800eb0e                std::type_info::~type_info()
                0x0800eb0e                std::type_info::~type_info()
 .text._ZNKSt9type_info14__is_pointer_pEv
                0x0800eb10        0x4 d:/programmi/gnu arm embedded toolchain/10 2020-q4-major/bin/../lib/gcc/arm-none-eabi/10.2.1/../../../../arm-none-eabi/lib/thumb/v7e-m+dp/hard\libstdc++_nano.a(tinfo.o)
                0x0800eb10                std::type_info::__is_pointer_p() const
                0x0800eb10                std::type_info::__is_function_p() const
 .text._ZNKSt9type_infoeqERKS_
                0x0800eb14       0x2c d:/programmi/gnu arm embedded toolchain/10 2020-q4-major/bin/../lib/gcc/arm-none-eabi/10.2.1/../../../../arm-none-eabi/lib/thumb/v7e-m+dp/hard\libstdc++_nano.a(tinfo.o)
                0x0800eb14                std::type_info::operator==(std::type_info const&) const
 .text._ZdlPv   0x0800eb40        0x4 d:/programmi/gnu arm embedded toolchain/10 2020-q4-major/bin/../lib/gcc/arm-none-eabi/10.2.1/../../../../arm-none-eabi/lib/thumb/v7e-m+dp/hard\libstdc++_nano.a(del_op.o)
                0x0800eb40                operator delete(void*)
 *fill*         0x0800eb44        0x4 
 .text.cosf     0x0800eb48      0x1bc d:/programmi/gnu arm embedded toolchain/10 2020-q4-major/bin/../lib/gcc/arm-none-eabi/10.2.1/../../../../arm-none-eabi/lib/thumb/v7e-m+dp/hard\libm.a(lib_a-cosf.o)
                0x0800eb48                cosf
 .text.with_errnof
                0x0800ed04       0x18 d:/programmi/gnu arm embedded toolchain/10 2020-q4-major/bin/../lib/gcc/arm-none-eabi/10.2.1/../../../../arm-none-eabi/lib/thumb/v7e-m+dp/hard\libm.a(lib_a-math_errf.o)
 .text.__math_invalidf
                0x0800ed1c       0x20 d:/programmi/gnu arm embedded toolchain/10 2020-q4-major/bin/../lib/gcc/arm-none-eabi/10.2.1/../../../../arm-none-eabi/lib/thumb/v7e-m+dp/hard\libm.a(lib_a-math_errf.o)
                0x0800ed1c                __math_invalidf
 *fill*         0x0800ed3c        0x4 
 .text.sinf     0x0800ed40      0x20c d:/programmi/gnu arm embedded toolchain/10 2020-q4-major/bin/../lib/gcc/arm-none-eabi/10.2.1/../../../../arm-none-eabi/lib/thumb/v7e-m+dp/hard\libm.a(lib_a-sinf.o)
                0x0800ed40                sinf
 .text.fmodf    0x0800ef4c       0x54 d:/programmi/gnu arm embedded toolchain/10 2020-q4-major/bin/../lib/gcc/arm-none-eabi/10.2.1/../../../../arm-none-eabi/lib/thumb/v7e-m+dp/hard\libm.a(lib_a-wf_fmod.o)
                0x0800ef4c                fmodf
 .text.__ieee754_fmodf
                0x0800efa0      0x120 d:/programmi/gnu arm embedded toolchain/10 2020-q4-major/bin/../lib/gcc/arm-none-eabi/10.2.1/../../../../arm-none-eabi/lib/thumb/v7e-m+dp/hard\libm.a(lib_a-ef_fmod.o)
                0x0800efa0                __ieee754_fmodf
 .text.__cxa_atexit
                0x0800f0c0       0x1c d:/programmi/gnu arm embedded toolchain/10 2020-q4-major/bin/../lib/gcc/arm-none-eabi/10.2.1/../../../../arm-none-eabi/lib/thumb/v7e-m+dp/hard\libc_nano.a(lib_a-cxa_atexit.o)
                0x0800f0c0                __cxa_atexit
 .text.__errno  0x0800f0dc        0xc d:/programmi/gnu arm embedded toolchain/10 2020-q4-major/bin/../lib/gcc/arm-none-eabi/10.2.1/../../../../arm-none-eabi/lib/thumb/v7e-m+dp/hard\libc_nano.a(lib_a-errno.o)
                0x0800f0dc                __errno
 .text.__libc_init_array
                0x0800f0e8       0x48 d:/programmi/gnu arm embedded toolchain/10 2020-q4-major/bin/../lib/gcc/arm-none-eabi/10.2.1/../../../../arm-none-eabi/lib/thumb/v7e-m+dp/hard\libc_nano.a(lib_a-init.o)
                0x0800f0e8                __libc_init_array
 .text.free     0x0800f130       0x10 d:/programmi/gnu arm embedded toolchain/10 2020-q4-major/bin/../lib/gcc/arm-none-eabi/10.2.1/../../../../arm-none-eabi/lib/thumb/v7e-m+dp/hard\libc_nano.a(lib_a-malloc.o)
                0x0800f130                free
 .text.memcpy   0x0800f140       0x1c d:/programmi/gnu arm embedded toolchain/10 2020-q4-major/bin/../lib/gcc/arm-none-eabi/10.2.1/../../../../arm-none-eabi/lib/thumb/v7e-m+dp/hard\libc_nano.a(lib_a-memcpy-stub.o)
                0x0800f140                memcpy
 .text.memset   0x0800f15c       0x10 d:/programmi/gnu arm embedded toolchain/10 2020-q4-major/bin/../lib/gcc/arm-none-eabi/10.2.1/../../../../arm-none-eabi/lib/thumb/v7e-m+dp/hard\libc_nano.a(lib_a-memset.o)
                0x0800f15c                memset
 .text._free_r  0x0800f16c       0x98 d:/programmi/gnu arm embedded toolchain/10 2020-q4-major/bin/../lib/gcc/arm-none-eabi/10.2.1/../../../../arm-none-eabi/lib/thumb/v7e-m+dp/hard\libc_nano.a(lib_a-nano-freer.o)
                0x0800f16c                _free_r
 .text.__retarget_lock_acquire_recursive
                0x0800f204        0x2 d:/programmi/gnu arm embedded toolchain/10 2020-q4-major/bin/../lib/gcc/arm-none-eabi/10.2.1/../../../../arm-none-eabi/lib/thumb/v7e-m+dp/hard\libc_nano.a(lib_a-lock.o)
                0x0800f204                __retarget_lock_acquire_recursive
 .text.__retarget_lock_release_recursive
                0x0800f206        0x2 d:/programmi/gnu arm embedded toolchain/10 2020-q4-major/bin/../lib/gcc/arm-none-eabi/10.2.1/../../../../arm-none-eabi/lib/thumb/v7e-m+dp/hard\libc_nano.a(lib_a-lock.o)
                0x0800f206                __retarget_lock_release_recursive
 .text.__malloc_lock
                0x0800f208        0xc d:/programmi/gnu arm embedded toolchain/10 2020-q4-major/bin/../lib/gcc/arm-none-eabi/10.2.1/../../../../arm-none-eabi/lib/thumb/v7e-m+dp/hard\libc_nano.a(lib_a-mlock.o)
                0x0800f208                __malloc_lock
 .text.__malloc_unlock
                0x0800f214        0xc d:/programmi/gnu arm embedded toolchain/10 2020-q4-major/bin/../lib/gcc/arm-none-eabi/10.2.1/../../../../arm-none-eabi/lib/thumb/v7e-m+dp/hard\libc_nano.a(lib_a-mlock.o)
                0x0800f214                __malloc_unlock
 *(.rodata)
 .rodata        0x0800f220       0x10 ../../libdaisy//build\libdaisy.a(i2c.o)
 .rodata        0x0800f230       0x10 ../../libdaisy//build\libdaisy.a(tim.o)
 *(.rodata*)
 .rodata._ZTSN5daisy21OneBitGraphicsDisplayE
                0x0800f240       0x20 build/MultiFX_nese10.o
                0x0800f240                typeinfo name for daisy::OneBitGraphicsDisplay
 .rodata._ZTIN5daisy21OneBitGraphicsDisplayE
                0x0800f260        0x8 build/MultiFX_nese10.o
                0x0800f260                typeinfo for daisy::OneBitGraphicsDisplay
 .rodata._ZTSN5daisy25OneBitGraphicsDisplayImplINS_11OledDisplayINS_13SSD130xDriverILj128ELj64ENS_19SSD130xI2CTransportEEEEEEE
                0x0800f268       0x72 build/MultiFX_nese10.o
                0x0800f268                typeinfo name for daisy::OneBitGraphicsDisplayImpl<daisy::OledDisplay<daisy::SSD130xDriver<128u, 64u, daisy::SSD130xI2CTransport> > >
 *fill*         0x0800f2da        0x2 
 .rodata._ZTIN5daisy25OneBitGraphicsDisplayImplINS_11OledDisplayINS_13SSD130xDriverILj128ELj64ENS_19SSD130xI2CTransportEEEEEEE
                0x0800f2dc        0xc build/MultiFX_nese10.o
                0x0800f2dc                typeinfo for daisy::OneBitGraphicsDisplayImpl<daisy::OledDisplay<daisy::SSD130xDriver<128u, 64u, daisy::SSD130xI2CTransport> > >
 .rodata._ZTSN5daisy11OledDisplayINS_13SSD130xDriverILj128ELj64ENS_19SSD130xI2CTransportEEEEE
                0x0800f2e8       0x51 build/MultiFX_nese10.o
                0x0800f2e8                typeinfo name for daisy::OledDisplay<daisy::SSD130xDriver<128u, 64u, daisy::SSD130xI2CTransport> >
 *fill*         0x0800f339        0x3 
 .rodata._ZTIN5daisy11OledDisplayINS_13SSD130xDriverILj128ELj64ENS_19SSD130xI2CTransportEEEEE
                0x0800f33c        0xc build/MultiFX_nese10.o
                0x0800f33c                typeinfo for daisy::OledDisplay<daisy::SSD130xDriver<128u, 64u, daisy::SSD130xI2CTransport> >
 .rodata._ZTVN5daisy11OledDisplayINS_13SSD130xDriverILj128ELj64ENS_19SSD130xI2CTransportEEEEE
                0x0800f348       0x3c build/MultiFX_nese10.o
                0x0800f348                vtable for daisy::OledDisplay<daisy::SSD130xDriver<128u, 64u, daisy::SSD130xI2CTransport> >
 .rodata._ZL8seedgpio
                0x0800f384       0x3e ../../libdaisy//build\libdaisy.a(daisy_seed.o)
 *fill*         0x0800f3c2        0x2 
 .rodata._ZL16dsy_adc_rank_map
                0x0800f3c4       0x40 ../../libdaisy//build\libdaisy.a(adc.o)
 .rodata.CSWTCH.35
                0x0800f404        0x3 ../../libdaisy//build\libdaisy.a(sai.o)
 *fill*         0x0800f407        0x1 
 .rodata.CSWTCH.36
                0x0800f408        0xc ../../libdaisy//build\libdaisy.a(sai.o)
 .rodata.CSWTCH.44
                0x0800f414       0x14 ../../libdaisy//build\libdaisy.a(sai.o)
 .rodata.D1CorePrescTable
                0x0800f428       0x10 ../../libdaisy//build\libdaisy.a(system_stm32h7xx.o)
                0x0800f428                D1CorePrescTable
 .rodata.CSWTCH.24
                0x0800f438        0x4 ../../libdaisy//build\libdaisy.a(usbd_conf.o)
 .rodata.CSWTCH.19
                0x0800f43c        0x4 ../../libdaisy//build\libdaisy.a(usbh_conf.o)
 .rodata.gpio_hal_pin_map
                0x0800f440       0x20 ../../libdaisy//build\libdaisy.a(hal_map.o)
 .rodata.gpio_hal_port_map
                0x0800f460       0x30 ../../libdaisy//build\libdaisy.a(hal_map.o)
 .rodata.flagBitshiftOffset.0
                0x0800f490        0x8 ../../libdaisy//build\libdaisy.a(stm32h7xx_hal_dma.o)
 .rodata._ZL13pins_none_spi
                0x0800f498        0x3 ../../libdaisy//build\libdaisy.a(spi.o)
 *fill*         0x0800f49b        0x1 
 .rodata._ZL16pins_periphs_spi
                0x0800f49c       0x60 ../../libdaisy//build\libdaisy.a(spi.o)
 .rodata._ZTIN10__cxxabiv117__class_type_infoE
                0x0800f4fc        0xc d:/programmi/gnu arm embedded toolchain/10 2020-q4-major/bin/../lib/gcc/arm-none-eabi/10.2.1/../../../../arm-none-eabi/lib/thumb/v7e-m+dp/hard\libstdc++_nano.a(class_type_info.o)
                0x0800f4fc                typeinfo for __cxxabiv1::__class_type_info
 .rodata._ZTSN10__cxxabiv117__class_type_infoE
                0x0800f508       0x22 d:/programmi/gnu arm embedded toolchain/10 2020-q4-major/bin/../lib/gcc/arm-none-eabi/10.2.1/../../../../arm-none-eabi/lib/thumb/v7e-m+dp/hard\libstdc++_nano.a(class_type_info.o)
                0x0800f508                typeinfo name for __cxxabiv1::__class_type_info
 *fill*         0x0800f52a        0x2 
 .rodata._ZTVN10__cxxabiv117__class_type_infoE
                0x0800f52c       0x2c d:/programmi/gnu arm embedded toolchain/10 2020-q4-major/bin/../lib/gcc/arm-none-eabi/10.2.1/../../../../arm-none-eabi/lib/thumb/v7e-m+dp/hard\libstdc++_nano.a(class_type_info.o)
                0x0800f52c                vtable for __cxxabiv1::__class_type_info
 .rodata._ZTIN10__cxxabiv120__si_class_type_infoE
                0x0800f558        0xc d:/programmi/gnu arm embedded toolchain/10 2020-q4-major/bin/../lib/gcc/arm-none-eabi/10.2.1/../../../../arm-none-eabi/lib/thumb/v7e-m+dp/hard\libstdc++_nano.a(si_class_type_info.o)
                0x0800f558                typeinfo for __cxxabiv1::__si_class_type_info
 .rodata._ZTSN10__cxxabiv120__si_class_type_infoE
                0x0800f564       0x25 d:/programmi/gnu arm embedded toolchain/10 2020-q4-major/bin/../lib/gcc/arm-none-eabi/10.2.1/../../../../arm-none-eabi/lib/thumb/v7e-m+dp/hard\libstdc++_nano.a(si_class_type_info.o)
                0x0800f564                typeinfo name for __cxxabiv1::__si_class_type_info
 *fill*         0x0800f589        0x3 
 .rodata._ZTVN10__cxxabiv120__si_class_type_infoE
                0x0800f58c       0x2c d:/programmi/gnu arm embedded toolchain/10 2020-q4-major/bin/../lib/gcc/arm-none-eabi/10.2.1/../../../../arm-none-eabi/lib/thumb/v7e-m+dp/hard\libstdc++_nano.a(si_class_type_info.o)
                0x0800f58c                vtable for __cxxabiv1::__si_class_type_info
 .rodata._ZTISt9type_info
                0x0800f5b8        0x8 d:/programmi/gnu arm embedded toolchain/10 2020-q4-major/bin/../lib/gcc/arm-none-eabi/10.2.1/../../../../arm-none-eabi/lib/thumb/v7e-m+dp/hard\libstdc++_nano.a(tinfo.o)
                0x0800f5b8                typeinfo for std::type_info
 .rodata._ZTSSt9type_info
                0x0800f5c0        0xd d:/programmi/gnu arm embedded toolchain/10 2020-q4-major/bin/../lib/gcc/arm-none-eabi/10.2.1/../../../../arm-none-eabi/lib/thumb/v7e-m+dp/hard\libstdc++_nano.a(tinfo.o)
                0x0800f5c0                typeinfo name for std::type_info
 *fill*         0x0800f5cd        0x3 
 .rodata.__inv_pio4
                0x0800f5d0       0x60 d:/programmi/gnu arm embedded toolchain/10 2020-q4-major/bin/../lib/gcc/arm-none-eabi/10.2.1/../../../../arm-none-eabi/lib/thumb/v7e-m+dp/hard\libm.a(lib_a-sincosf_data.o)
                0x0800f5d0                __inv_pio4
 .rodata.__sincosf_table
                0x0800f630       0xe0 d:/programmi/gnu arm embedded toolchain/10 2020-q4-major/bin/../lib/gcc/arm-none-eabi/10.2.1/../../../../arm-none-eabi/lib/thumb/v7e-m+dp/hard\libm.a(lib_a-sincosf_data.o)
                0x0800f630                __sincosf_table